<?xml version="1.0" encoding="ISO-8859-1" ?>
<link_info>
   <banner>MSP430 Linker Unix v21.6.1.LTS</banner>
   <copyright>Copyright (c) 2003-2018 Texas Instruments Incorporated</copyright>
   <link_time>0x6929cc79</link_time>
   <link_errors>0x0</link_errors>
   <output_file>temperature_logger.out</output_file>
   <entry_point>
      <name>_c_int00_noargs_mpu</name>
      <address>0x4800</address>
   </entry_point>
   <input_file_list>
      <input_file id="fl-2">
         <path>./</path>
         <kind>object</kind>
         <file>return_pressure_controller.obj</file>
         <name>return_pressure_controller.obj</name>
      </input_file>
      <input_file id="fl-3">
         <path>./</path>
         <kind>object</kind>
         <file>temp_DTH11adc.obj</file>
         <name>temp_DTH11adc.obj</name>
      </input_file>
      <input_file id="fl-4">
         <path>./</path>
         <kind>object</kind>
         <file>temp_LM35gpiosinglewire.obj</file>
         <name>temp_LM35gpiosinglewire.obj</name>
      </input_file>
      <input_file id="fl-5">
         <path>./</path>
         <kind>object</kind>
         <file>temp_main.obj</file>
         <name>temp_main.obj</name>
      </input_file>
      <input_file id="fl-6">
         <path>./</path>
         <kind>object</kind>
         <file>temp_thermistor.obj</file>
         <name>temp_thermistor.obj</name>
      </input_file>
      <input_file id="fl-7">
         <path>./driverlib/MSP430FR5xx_6xx/</path>
         <kind>object</kind>
         <file>adc12_b.obj</file>
         <name>adc12_b.obj</name>
      </input_file>
      <input_file id="fl-8">
         <path>./driverlib/MSP430FR5xx_6xx/</path>
         <kind>object</kind>
         <file>aes256.obj</file>
         <name>aes256.obj</name>
      </input_file>
      <input_file id="fl-9">
         <path>./driverlib/MSP430FR5xx_6xx/</path>
         <kind>object</kind>
         <file>comp_e.obj</file>
         <name>comp_e.obj</name>
      </input_file>
      <input_file id="fl-a">
         <path>./driverlib/MSP430FR5xx_6xx/</path>
         <kind>object</kind>
         <file>crc.obj</file>
         <name>crc.obj</name>
      </input_file>
      <input_file id="fl-b">
         <path>./driverlib/MSP430FR5xx_6xx/</path>
         <kind>object</kind>
         <file>crc32.obj</file>
         <name>crc32.obj</name>
      </input_file>
      <input_file id="fl-c">
         <path>./driverlib/MSP430FR5xx_6xx/</path>
         <kind>object</kind>
         <file>cs.obj</file>
         <name>cs.obj</name>
      </input_file>
      <input_file id="fl-d">
         <path>./driverlib/MSP430FR5xx_6xx/</path>
         <kind>object</kind>
         <file>dma.obj</file>
         <name>dma.obj</name>
      </input_file>
      <input_file id="fl-e">
         <path>./driverlib/MSP430FR5xx_6xx/</path>
         <kind>object</kind>
         <file>esi.obj</file>
         <name>esi.obj</name>
      </input_file>
      <input_file id="fl-f">
         <path>./driverlib/MSP430FR5xx_6xx/</path>
         <kind>object</kind>
         <file>eusci_a_spi.obj</file>
         <name>eusci_a_spi.obj</name>
      </input_file>
      <input_file id="fl-10">
         <path>./driverlib/MSP430FR5xx_6xx/</path>
         <kind>object</kind>
         <file>eusci_a_uart.obj</file>
         <name>eusci_a_uart.obj</name>
      </input_file>
      <input_file id="fl-11">
         <path>./driverlib/MSP430FR5xx_6xx/</path>
         <kind>object</kind>
         <file>eusci_b_i2c.obj</file>
         <name>eusci_b_i2c.obj</name>
      </input_file>
      <input_file id="fl-12">
         <path>./driverlib/MSP430FR5xx_6xx/</path>
         <kind>object</kind>
         <file>eusci_b_spi.obj</file>
         <name>eusci_b_spi.obj</name>
      </input_file>
      <input_file id="fl-13">
         <path>./driverlib/MSP430FR5xx_6xx/</path>
         <kind>object</kind>
         <file>framctl.obj</file>
         <name>framctl.obj</name>
      </input_file>
      <input_file id="fl-14">
         <path>./driverlib/MSP430FR5xx_6xx/</path>
         <kind>object</kind>
         <file>framctl_a.obj</file>
         <name>framctl_a.obj</name>
      </input_file>
      <input_file id="fl-15">
         <path>./driverlib/MSP430FR5xx_6xx/</path>
         <kind>object</kind>
         <file>gpio.obj</file>
         <name>gpio.obj</name>
      </input_file>
      <input_file id="fl-16">
         <path>./driverlib/MSP430FR5xx_6xx/</path>
         <kind>object</kind>
         <file>hspll.obj</file>
         <name>hspll.obj</name>
      </input_file>
      <input_file id="fl-17">
         <path>./driverlib/MSP430FR5xx_6xx/</path>
         <kind>object</kind>
         <file>lcd_c.obj</file>
         <name>lcd_c.obj</name>
      </input_file>
      <input_file id="fl-18">
         <path>./driverlib/MSP430FR5xx_6xx/</path>
         <kind>object</kind>
         <file>mpu.obj</file>
         <name>mpu.obj</name>
      </input_file>
      <input_file id="fl-19">
         <path>./driverlib/MSP430FR5xx_6xx/</path>
         <kind>object</kind>
         <file>mpy32.obj</file>
         <name>mpy32.obj</name>
      </input_file>
      <input_file id="fl-1a">
         <path>./driverlib/MSP430FR5xx_6xx/</path>
         <kind>object</kind>
         <file>mtif.obj</file>
         <name>mtif.obj</name>
      </input_file>
      <input_file id="fl-1b">
         <path>./driverlib/MSP430FR5xx_6xx/</path>
         <kind>object</kind>
         <file>pmm.obj</file>
         <name>pmm.obj</name>
      </input_file>
      <input_file id="fl-1c">
         <path>./driverlib/MSP430FR5xx_6xx/</path>
         <kind>object</kind>
         <file>ram.obj</file>
         <name>ram.obj</name>
      </input_file>
      <input_file id="fl-1d">
         <path>./driverlib/MSP430FR5xx_6xx/</path>
         <kind>object</kind>
         <file>ref_a.obj</file>
         <name>ref_a.obj</name>
      </input_file>
      <input_file id="fl-1e">
         <path>./driverlib/MSP430FR5xx_6xx/</path>
         <kind>object</kind>
         <file>rtc_b.obj</file>
         <name>rtc_b.obj</name>
      </input_file>
      <input_file id="fl-1f">
         <path>./driverlib/MSP430FR5xx_6xx/</path>
         <kind>object</kind>
         <file>rtc_c.obj</file>
         <name>rtc_c.obj</name>
      </input_file>
      <input_file id="fl-20">
         <path>./driverlib/MSP430FR5xx_6xx/</path>
         <kind>object</kind>
         <file>saph.obj</file>
         <name>saph.obj</name>
      </input_file>
      <input_file id="fl-21">
         <path>./driverlib/MSP430FR5xx_6xx/</path>
         <kind>object</kind>
         <file>saph_a.obj</file>
         <name>saph_a.obj</name>
      </input_file>
      <input_file id="fl-22">
         <path>./driverlib/MSP430FR5xx_6xx/</path>
         <kind>object</kind>
         <file>sdhs.obj</file>
         <name>sdhs.obj</name>
      </input_file>
      <input_file id="fl-23">
         <path>./driverlib/MSP430FR5xx_6xx/</path>
         <kind>object</kind>
         <file>sfr.obj</file>
         <name>sfr.obj</name>
      </input_file>
      <input_file id="fl-24">
         <path>./driverlib/MSP430FR5xx_6xx/</path>
         <kind>object</kind>
         <file>sysctl.obj</file>
         <name>sysctl.obj</name>
      </input_file>
      <input_file id="fl-25">
         <path>./driverlib/MSP430FR5xx_6xx/</path>
         <kind>object</kind>
         <file>timer_a.obj</file>
         <name>timer_a.obj</name>
      </input_file>
      <input_file id="fl-26">
         <path>./driverlib/MSP430FR5xx_6xx/</path>
         <kind>object</kind>
         <file>timer_b.obj</file>
         <name>timer_b.obj</name>
      </input_file>
      <input_file id="fl-27">
         <path>./driverlib/MSP430FR5xx_6xx/</path>
         <kind>object</kind>
         <file>tlv.obj</file>
         <name>tlv.obj</name>
      </input_file>
      <input_file id="fl-28">
         <path>./driverlib/MSP430FR5xx_6xx/</path>
         <kind>object</kind>
         <file>uups.obj</file>
         <name>uups.obj</name>
      </input_file>
      <input_file id="fl-29">
         <path>./driverlib/MSP430FR5xx_6xx/</path>
         <kind>object</kind>
         <file>wdt_a.obj</file>
         <name>wdt_a.obj</name>
      </input_file>
      <input_file id="fl-30">
         <kind>object</kind>
         <file>&lt;internal&gt;</file>
         <name>&lt;internal&gt;</name>
      </input_file>
      <input_file id="fl-50">
         <path>/Applications/ti/ccs2010/ccs/tools/compiler/ti-cgt-msp430_21.6.1.LTS/lib/</path>
         <kind>archive</kind>
         <file>rts430x_lc_rd_eabi.lib</file>
         <name>copy_decompress_lzss.c.obj</name>
      </input_file>
      <input_file id="fl-51">
         <path>/Applications/ti/ccs2010/ccs/tools/compiler/ti-cgt-msp430_21.6.1.LTS/lib/</path>
         <kind>archive</kind>
         <file>rts430x_lc_rd_eabi.lib</file>
         <name>copy_decompress_none.c.obj</name>
      </input_file>
      <input_file id="fl-52">
         <path>/Applications/ti/ccs2010/ccs/tools/compiler/ti-cgt-msp430_21.6.1.LTS/lib/</path>
         <kind>archive</kind>
         <file>rts430x_lc_rd_eabi.lib</file>
         <name>int30.asm.obj</name>
      </input_file>
      <input_file id="fl-53">
         <path>/Applications/ti/ccs2010/ccs/tools/compiler/ti-cgt-msp430_21.6.1.LTS/lib/</path>
         <kind>archive</kind>
         <file>rts430x_lc_rd_eabi.lib</file>
         <name>isr_trap.asm.obj</name>
      </input_file>
      <input_file id="fl-54">
         <path>/Applications/ti/ccs2010/ccs/tools/compiler/ti-cgt-msp430_21.6.1.LTS/lib/</path>
         <kind>archive</kind>
         <file>rts430x_lc_rd_eabi.lib</file>
         <name>int31.asm.obj</name>
      </input_file>
      <input_file id="fl-55">
         <path>/Applications/ti/ccs2010/ccs/tools/compiler/ti-cgt-msp430_21.6.1.LTS/lib/</path>
         <kind>archive</kind>
         <file>rts430x_lc_rd_eabi.lib</file>
         <name>int32.asm.obj</name>
      </input_file>
      <input_file id="fl-56">
         <path>/Applications/ti/ccs2010/ccs/tools/compiler/ti-cgt-msp430_21.6.1.LTS/lib/</path>
         <kind>archive</kind>
         <file>rts430x_lc_rd_eabi.lib</file>
         <name>int33.asm.obj</name>
      </input_file>
      <input_file id="fl-57">
         <path>/Applications/ti/ccs2010/ccs/tools/compiler/ti-cgt-msp430_21.6.1.LTS/lib/</path>
         <kind>archive</kind>
         <file>rts430x_lc_rd_eabi.lib</file>
         <name>int34.asm.obj</name>
      </input_file>
      <input_file id="fl-58">
         <path>/Applications/ti/ccs2010/ccs/tools/compiler/ti-cgt-msp430_21.6.1.LTS/lib/</path>
         <kind>archive</kind>
         <file>rts430x_lc_rd_eabi.lib</file>
         <name>int35.asm.obj</name>
      </input_file>
      <input_file id="fl-59">
         <path>/Applications/ti/ccs2010/ccs/tools/compiler/ti-cgt-msp430_21.6.1.LTS/lib/</path>
         <kind>archive</kind>
         <file>rts430x_lc_rd_eabi.lib</file>
         <name>int36.asm.obj</name>
      </input_file>
      <input_file id="fl-5a">
         <path>/Applications/ti/ccs2010/ccs/tools/compiler/ti-cgt-msp430_21.6.1.LTS/lib/</path>
         <kind>archive</kind>
         <file>rts430x_lc_rd_eabi.lib</file>
         <name>int37.asm.obj</name>
      </input_file>
      <input_file id="fl-5b">
         <path>/Applications/ti/ccs2010/ccs/tools/compiler/ti-cgt-msp430_21.6.1.LTS/lib/</path>
         <kind>archive</kind>
         <file>rts430x_lc_rd_eabi.lib</file>
         <name>int38.asm.obj</name>
      </input_file>
      <input_file id="fl-5c">
         <path>/Applications/ti/ccs2010/ccs/tools/compiler/ti-cgt-msp430_21.6.1.LTS/lib/</path>
         <kind>archive</kind>
         <file>rts430x_lc_rd_eabi.lib</file>
         <name>int39.asm.obj</name>
      </input_file>
      <input_file id="fl-5d">
         <path>/Applications/ti/ccs2010/ccs/tools/compiler/ti-cgt-msp430_21.6.1.LTS/lib/</path>
         <kind>archive</kind>
         <file>rts430x_lc_rd_eabi.lib</file>
         <name>int40.asm.obj</name>
      </input_file>
      <input_file id="fl-5e">
         <path>/Applications/ti/ccs2010/ccs/tools/compiler/ti-cgt-msp430_21.6.1.LTS/lib/</path>
         <kind>archive</kind>
         <file>rts430x_lc_rd_eabi.lib</file>
         <name>int41.asm.obj</name>
      </input_file>
      <input_file id="fl-5f">
         <path>/Applications/ti/ccs2010/ccs/tools/compiler/ti-cgt-msp430_21.6.1.LTS/lib/</path>
         <kind>archive</kind>
         <file>rts430x_lc_rd_eabi.lib</file>
         <name>int42.asm.obj</name>
      </input_file>
      <input_file id="fl-60">
         <path>/Applications/ti/ccs2010/ccs/tools/compiler/ti-cgt-msp430_21.6.1.LTS/lib/</path>
         <kind>archive</kind>
         <file>rts430x_lc_rd_eabi.lib</file>
         <name>int43.asm.obj</name>
      </input_file>
      <input_file id="fl-61">
         <path>/Applications/ti/ccs2010/ccs/tools/compiler/ti-cgt-msp430_21.6.1.LTS/lib/</path>
         <kind>archive</kind>
         <file>rts430x_lc_rd_eabi.lib</file>
         <name>int44.asm.obj</name>
      </input_file>
      <input_file id="fl-62">
         <path>/Applications/ti/ccs2010/ccs/tools/compiler/ti-cgt-msp430_21.6.1.LTS/lib/</path>
         <kind>archive</kind>
         <file>rts430x_lc_rd_eabi.lib</file>
         <name>int46.asm.obj</name>
      </input_file>
      <input_file id="fl-63">
         <path>/Applications/ti/ccs2010/ccs/tools/compiler/ti-cgt-msp430_21.6.1.LTS/lib/</path>
         <kind>archive</kind>
         <file>rts430x_lc_rd_eabi.lib</file>
         <name>int47.asm.obj</name>
      </input_file>
      <input_file id="fl-64">
         <path>/Applications/ti/ccs2010/ccs/tools/compiler/ti-cgt-msp430_21.6.1.LTS/lib/</path>
         <kind>archive</kind>
         <file>rts430x_lc_rd_eabi.lib</file>
         <name>int48.asm.obj</name>
      </input_file>
      <input_file id="fl-65">
         <path>/Applications/ti/ccs2010/ccs/tools/compiler/ti-cgt-msp430_21.6.1.LTS/lib/</path>
         <kind>archive</kind>
         <file>rts430x_lc_rd_eabi.lib</file>
         <name>int49.asm.obj</name>
      </input_file>
      <input_file id="fl-66">
         <path>/Applications/ti/ccs2010/ccs/tools/compiler/ti-cgt-msp430_21.6.1.LTS/lib/</path>
         <kind>archive</kind>
         <file>rts430x_lc_rd_eabi.lib</file>
         <name>int50.asm.obj</name>
      </input_file>
      <input_file id="fl-67">
         <path>/Applications/ti/ccs2010/ccs/tools/compiler/ti-cgt-msp430_21.6.1.LTS/lib/</path>
         <kind>archive</kind>
         <file>rts430x_lc_rd_eabi.lib</file>
         <name>int51.asm.obj</name>
      </input_file>
      <input_file id="fl-68">
         <path>/Applications/ti/ccs2010/ccs/tools/compiler/ti-cgt-msp430_21.6.1.LTS/lib/</path>
         <kind>archive</kind>
         <file>rts430x_lc_rd_eabi.lib</file>
         <name>int52.asm.obj</name>
      </input_file>
      <input_file id="fl-69">
         <path>/Applications/ti/ccs2010/ccs/tools/compiler/ti-cgt-msp430_21.6.1.LTS/lib/</path>
         <kind>archive</kind>
         <file>rts430x_lc_rd_eabi.lib</file>
         <name>int53.asm.obj</name>
      </input_file>
      <input_file id="fl-6a">
         <path>/Applications/ti/ccs2010/ccs/tools/compiler/ti-cgt-msp430_21.6.1.LTS/lib/</path>
         <kind>archive</kind>
         <file>rts430x_lc_rd_eabi.lib</file>
         <name>int54.asm.obj</name>
      </input_file>
      <input_file id="fl-6b">
         <path>/Applications/ti/ccs2010/ccs/tools/compiler/ti-cgt-msp430_21.6.1.LTS/lib/</path>
         <kind>archive</kind>
         <file>rts430x_lc_rd_eabi.lib</file>
         <name>copy_zero_init.c.obj</name>
      </input_file>
      <input_file id="fl-6c">
         <path>/Applications/ti/ccs2010/ccs/tools/compiler/ti-cgt-msp430_21.6.1.LTS/lib/</path>
         <kind>archive</kind>
         <file>rts430x_lc_rd_eabi.lib</file>
         <name>addd.c.obj</name>
      </input_file>
      <input_file id="fl-6d">
         <path>/Applications/ti/ccs2010/ccs/tools/compiler/ti-cgt-msp430_21.6.1.LTS/lib/</path>
         <kind>archive</kind>
         <file>rts430x_lc_rd_eabi.lib</file>
         <name>cmpd.c.obj</name>
      </input_file>
      <input_file id="fl-6e">
         <path>/Applications/ti/ccs2010/ccs/tools/compiler/ti-cgt-msp430_21.6.1.LTS/lib/</path>
         <kind>archive</kind>
         <file>rts430x_lc_rd_eabi.lib</file>
         <name>cvtdf.c.obj</name>
      </input_file>
      <input_file id="fl-6f">
         <path>/Applications/ti/ccs2010/ccs/tools/compiler/ti-cgt-msp430_21.6.1.LTS/lib/</path>
         <kind>archive</kind>
         <file>rts430x_lc_rd_eabi.lib</file>
         <name>cvtfd.c.obj</name>
      </input_file>
      <input_file id="fl-70">
         <path>/Applications/ti/ccs2010/ccs/tools/compiler/ti-cgt-msp430_21.6.1.LTS/lib/</path>
         <kind>archive</kind>
         <file>rts430x_lc_rd_eabi.lib</file>
         <name>divd.c.obj</name>
      </input_file>
      <input_file id="fl-71">
         <path>/Applications/ti/ccs2010/ccs/tools/compiler/ti-cgt-msp430_21.6.1.LTS/lib/</path>
         <kind>archive</kind>
         <file>rts430x_lc_rd_eabi.lib</file>
         <name>frcdivd.c.obj</name>
      </input_file>
      <input_file id="fl-72">
         <path>/Applications/ti/ccs2010/ccs/tools/compiler/ti-cgt-msp430_21.6.1.LTS/lib/</path>
         <kind>archive</kind>
         <file>rts430x_lc_rd_eabi.lib</file>
         <name>div16s.asm.obj</name>
      </input_file>
      <input_file id="fl-73">
         <path>/Applications/ti/ccs2010/ccs/tools/compiler/ti-cgt-msp430_21.6.1.LTS/lib/</path>
         <kind>archive</kind>
         <file>rts430x_lc_rd_eabi.lib</file>
         <name>div32s.asm.obj</name>
      </input_file>
      <input_file id="fl-74">
         <path>/Applications/ti/ccs2010/ccs/tools/compiler/ti-cgt-msp430_21.6.1.LTS/lib/</path>
         <kind>archive</kind>
         <file>rts430x_lc_rd_eabi.lib</file>
         <name>div16u.asm.obj</name>
      </input_file>
      <input_file id="fl-75">
         <path>/Applications/ti/ccs2010/ccs/tools/compiler/ti-cgt-msp430_21.6.1.LTS/lib/</path>
         <kind>archive</kind>
         <file>rts430x_lc_rd_eabi.lib</file>
         <name>div32u.asm.obj</name>
      </input_file>
      <input_file id="fl-76">
         <path>/Applications/ti/ccs2010/ccs/tools/compiler/ti-cgt-msp430_21.6.1.LTS/lib/</path>
         <kind>archive</kind>
         <file>rts430x_lc_rd_eabi.lib</file>
         <name>fltud.c.obj</name>
      </input_file>
      <input_file id="fl-77">
         <path>/Applications/ti/ccs2010/ccs/tools/compiler/ti-cgt-msp430_21.6.1.LTS/lib/</path>
         <kind>archive</kind>
         <file>rts430x_lc_rd_eabi.lib</file>
         <name>fs_utof.asm.obj</name>
      </input_file>
      <input_file id="fl-78">
         <path>/Applications/ti/ccs2010/ccs/tools/compiler/ti-cgt-msp430_21.6.1.LTS/lib/</path>
         <kind>archive</kind>
         <file>rts430x_lc_rd_eabi.lib</file>
         <name>fltuld.c.obj</name>
      </input_file>
      <input_file id="fl-79">
         <path>/Applications/ti/ccs2010/ccs/tools/compiler/ti-cgt-msp430_21.6.1.LTS/lib/</path>
         <kind>archive</kind>
         <file>rts430x_lc_rd_eabi.lib</file>
         <name>mpyd.c.obj</name>
      </input_file>
      <input_file id="fl-7a">
         <path>/Applications/ti/ccs2010/ccs/tools/compiler/ti-cgt-msp430_21.6.1.LTS/lib/</path>
         <kind>archive</kind>
         <file>rts430x_lc_rd_eabi.lib</file>
         <name>frcmpyd.c.obj</name>
      </input_file>
      <input_file id="fl-7b">
         <path>/Applications/ti/ccs2010/ccs/tools/compiler/ti-cgt-msp430_21.6.1.LTS/lib/</path>
         <kind>archive</kind>
         <file>rts430x_lc_rd_eabi.lib</file>
         <name>mult16.asm.obj</name>
      </input_file>
      <input_file id="fl-7c">
         <path>/Applications/ti/ccs2010/ccs/tools/compiler/ti-cgt-msp430_21.6.1.LTS/lib/</path>
         <kind>archive</kind>
         <file>rts430x_lc_rd_eabi.lib</file>
         <name>mult16_f5hw.asm.obj</name>
      </input_file>
      <input_file id="fl-7d">
         <path>/Applications/ti/ccs2010/ccs/tools/compiler/ti-cgt-msp430_21.6.1.LTS/lib/</path>
         <kind>archive</kind>
         <file>rts430x_lc_rd_eabi.lib</file>
         <name>mult32.asm.obj</name>
      </input_file>
      <input_file id="fl-7e">
         <path>/Applications/ti/ccs2010/ccs/tools/compiler/ti-cgt-msp430_21.6.1.LTS/lib/</path>
         <kind>archive</kind>
         <file>rts430x_lc_rd_eabi.lib</file>
         <name>mult32_f5hw.asm.obj</name>
      </input_file>
      <input_file id="fl-7f">
         <path>/Applications/ti/ccs2010/ccs/tools/compiler/ti-cgt-msp430_21.6.1.LTS/lib/</path>
         <kind>archive</kind>
         <file>rts430x_lc_rd_eabi.lib</file>
         <name>mult64.asm.obj</name>
      </input_file>
      <input_file id="fl-80">
         <path>/Applications/ti/ccs2010/ccs/tools/compiler/ti-cgt-msp430_21.6.1.LTS/lib/</path>
         <kind>archive</kind>
         <file>rts430x_lc_rd_eabi.lib</file>
         <name>mult64_f5hw.asm.obj</name>
      </input_file>
      <input_file id="fl-81">
         <path>/Applications/ti/ccs2010/ccs/tools/compiler/ti-cgt-msp430_21.6.1.LTS/lib/</path>
         <kind>archive</kind>
         <file>rts430x_lc_rd_eabi.lib</file>
         <name>mult1632_f5hw.asm.obj</name>
      </input_file>
      <input_file id="fl-82">
         <path>/Applications/ti/ccs2010/ccs/tools/compiler/ti-cgt-msp430_21.6.1.LTS/lib/</path>
         <kind>archive</kind>
         <file>rts430x_lc_rd_eabi.lib</file>
         <name>mult3264_f5hw.asm.obj</name>
      </input_file>
      <input_file id="fl-83">
         <path>/Applications/ti/ccs2010/ccs/tools/compiler/ti-cgt-msp430_21.6.1.LTS/lib/</path>
         <kind>archive</kind>
         <file>rts430x_lc_rd_eabi.lib</file>
         <name>mult1632.asm.obj</name>
      </input_file>
      <input_file id="fl-84">
         <path>/Applications/ti/ccs2010/ccs/tools/compiler/ti-cgt-msp430_21.6.1.LTS/lib/</path>
         <kind>archive</kind>
         <file>rts430x_lc_rd_eabi.lib</file>
         <name>mult3264.asm.obj</name>
      </input_file>
      <input_file id="fl-85">
         <path>/Applications/ti/ccs2010/ccs/tools/compiler/ti-cgt-msp430_21.6.1.LTS/lib/</path>
         <kind>archive</kind>
         <file>rts430x_lc_rd_eabi.lib</file>
         <name>lsl16.asm.obj</name>
      </input_file>
      <input_file id="fl-86">
         <path>/Applications/ti/ccs2010/ccs/tools/compiler/ti-cgt-msp430_21.6.1.LTS/lib/</path>
         <kind>archive</kind>
         <file>rts430x_lc_rd_eabi.lib</file>
         <name>lsl32.asm.obj</name>
      </input_file>
      <input_file id="fl-87">
         <path>/Applications/ti/ccs2010/ccs/tools/compiler/ti-cgt-msp430_21.6.1.LTS/lib/</path>
         <kind>archive</kind>
         <file>rts430x_lc_rd_eabi.lib</file>
         <name>lsl64.c.obj</name>
      </input_file>
      <input_file id="fl-88">
         <path>/Applications/ti/ccs2010/ccs/tools/compiler/ti-cgt-msp430_21.6.1.LTS/lib/</path>
         <kind>archive</kind>
         <file>rts430x_lc_rd_eabi.lib</file>
         <name>asr32.asm.obj</name>
      </input_file>
      <input_file id="fl-89">
         <path>/Applications/ti/ccs2010/ccs/tools/compiler/ti-cgt-msp430_21.6.1.LTS/lib/</path>
         <kind>archive</kind>
         <file>rts430x_lc_rd_eabi.lib</file>
         <name>asr64.c.obj</name>
      </input_file>
      <input_file id="fl-8a">
         <path>/Applications/ti/ccs2010/ccs/tools/compiler/ti-cgt-msp430_21.6.1.LTS/lib/</path>
         <kind>archive</kind>
         <file>rts430x_lc_rd_eabi.lib</file>
         <name>lsr32.asm.obj</name>
      </input_file>
      <input_file id="fl-8b">
         <path>/Applications/ti/ccs2010/ccs/tools/compiler/ti-cgt-msp430_21.6.1.LTS/lib/</path>
         <kind>archive</kind>
         <file>rts430x_lc_rd_eabi.lib</file>
         <name>lsr64.c.obj</name>
      </input_file>
      <input_file id="fl-8c">
         <path>/Applications/ti/ccs2010/ccs/tools/compiler/ti-cgt-msp430_21.6.1.LTS/lib/</path>
         <kind>archive</kind>
         <file>rts430x_lc_rd_eabi.lib</file>
         <name>boot.c.obj</name>
      </input_file>
      <input_file id="fl-8d">
         <path>/Applications/ti/ccs2010/ccs/ccs_base/msp430/lib/FR59xx/</path>
         <kind>archive</kind>
         <file>MSPMPU_INIT_LIB_CCS_msp430_large_code_restricted_data.lib</file>
         <name>mpu_init.o</name>
      </input_file>
      <input_file id="fl-8e">
         <path>/Applications/ti/ccs2010/ccs/tools/compiler/ti-cgt-msp430_21.6.1.LTS/lib/</path>
         <kind>archive</kind>
         <file>rts430x_lc_rd_eabi.lib</file>
         <name>args_main.c.obj</name>
      </input_file>
      <input_file id="fl-8f">
         <path>/Applications/ti/ccs2010/ccs/tools/compiler/ti-cgt-msp430_21.6.1.LTS/lib/</path>
         <kind>archive</kind>
         <file>rts430x_lc_rd_eabi.lib</file>
         <name>autoinit.c.obj</name>
      </input_file>
      <input_file id="fl-90">
         <path>/Applications/ti/ccs2010/ccs/tools/compiler/ti-cgt-msp430_21.6.1.LTS/lib/</path>
         <kind>archive</kind>
         <file>rts430x_lc_rd_eabi.lib</file>
         <name>startup.c.obj</name>
      </input_file>
      <input_file id="fl-91">
         <path>/Applications/ti/ccs2010/ccs/tools/compiler/ti-cgt-msp430_21.6.1.LTS/lib/</path>
         <kind>archive</kind>
         <file>rts430x_lc_rd_eabi.lib</file>
         <name>pre_init.c.obj</name>
      </input_file>
      <input_file id="fl-92">
         <path>/Applications/ti/ccs2010/ccs/tools/compiler/ti-cgt-msp430_21.6.1.LTS/lib/</path>
         <kind>archive</kind>
         <file>rts430x_lc_rd_eabi.lib</file>
         <name>cpy_tbl.c.obj</name>
      </input_file>
      <input_file id="fl-93">
         <path>/Applications/ti/ccs2010/ccs/tools/compiler/ti-cgt-msp430_21.6.1.LTS/lib/</path>
         <kind>archive</kind>
         <file>rts430x_lc_rd_eabi.lib</file>
         <name>exit.c.obj</name>
      </input_file>
      <input_file id="fl-94">
         <path>/Applications/ti/ccs2010/ccs/tools/compiler/ti-cgt-msp430_21.6.1.LTS/lib/</path>
         <kind>archive</kind>
         <file>rts430x_lc_rd_eabi.lib</file>
         <name>exit_gvars.c.obj</name>
      </input_file>
      <input_file id="fl-95">
         <path>/Applications/ti/ccs2010/ccs/tools/compiler/ti-cgt-msp430_21.6.1.LTS/lib/</path>
         <kind>archive</kind>
         <file>rts430x_lc_rd_eabi.lib</file>
         <name>_lock.c.obj</name>
      </input_file>
      <input_file id="fl-96">
         <path>/Applications/ti/ccs2010/ccs/tools/compiler/ti-cgt-msp430_21.6.1.LTS/lib/</path>
         <kind>archive</kind>
         <file>rts430x_lc_rd_eabi.lib</file>
         <name>memcpy.c.obj</name>
      </input_file>
      <input_file id="fl-97">
         <path>/Applications/ti/ccs2010/ccs/tools/compiler/ti-cgt-msp430_21.6.1.LTS/lib/</path>
         <kind>archive</kind>
         <file>rts430x_lc_rd_eabi.lib</file>
         <name>memset.c.obj</name>
      </input_file>
      <input_file id="fl-98">
         <path>/Applications/ti/ccs2010/ccs/tools/compiler/ti-cgt-msp430_21.6.1.LTS/lib/</path>
         <kind>archive</kind>
         <file>rts430x_lc_rd_eabi.lib</file>
         <name>printf.c.obj</name>
      </input_file>
      <input_file id="fl-99">
         <path>/Applications/ti/ccs2010/ccs/tools/compiler/ti-cgt-msp430_21.6.1.LTS/lib/</path>
         <kind>archive</kind>
         <file>rts430x_lc_rd_eabi.lib</file>
         <name>_printfi.c.obj</name>
      </input_file>
      <input_file id="fl-9a">
         <path>/Applications/ti/ccs2010/ccs/tools/compiler/ti-cgt-msp430_21.6.1.LTS/lib/</path>
         <kind>archive</kind>
         <file>rts430x_lc_rd_eabi.lib</file>
         <name>_ltoa.c.obj</name>
      </input_file>
      <input_file id="fl-9b">
         <path>/Applications/ti/ccs2010/ccs/tools/compiler/ti-cgt-msp430_21.6.1.LTS/lib/</path>
         <kind>archive</kind>
         <file>rts430x_lc_rd_eabi.lib</file>
         <name>div64u.c.obj</name>
      </input_file>
      <input_file id="fl-9c">
         <path>/Applications/ti/ccs2010/ccs/tools/compiler/ti-cgt-msp430_21.6.1.LTS/lib/</path>
         <kind>archive</kind>
         <file>rts430x_lc_rd_eabi.lib</file>
         <name>fixdi.c.obj</name>
      </input_file>
      <input_file id="fl-9d">
         <path>/Applications/ti/ccs2010/ccs/tools/compiler/ti-cgt-msp430_21.6.1.LTS/lib/</path>
         <kind>archive</kind>
         <file>rts430x_lc_rd_eabi.lib</file>
         <name>fixdli.c.obj</name>
      </input_file>
      <input_file id="fl-9e">
         <path>/Applications/ti/ccs2010/ccs/tools/compiler/ti-cgt-msp430_21.6.1.LTS/lib/</path>
         <kind>archive</kind>
         <file>rts430x_lc_rd_eabi.lib</file>
         <name>fltid.c.obj</name>
      </input_file>
      <input_file id="fl-9f">
         <path>/Applications/ti/ccs2010/ccs/tools/compiler/ti-cgt-msp430_21.6.1.LTS/lib/</path>
         <kind>archive</kind>
         <file>rts430x_lc_rd_eabi.lib</file>
         <name>fltlid.c.obj</name>
      </input_file>
      <input_file id="fl-a0">
         <path>/Applications/ti/ccs2010/ccs/tools/compiler/ti-cgt-msp430_21.6.1.LTS/lib/</path>
         <kind>archive</kind>
         <file>rts430x_lc_rd_eabi.lib</file>
         <name>negd.c.obj</name>
      </input_file>
      <input_file id="fl-a1">
         <path>/Applications/ti/ccs2010/ccs/tools/compiler/ti-cgt-msp430_21.6.1.LTS/lib/</path>
         <kind>archive</kind>
         <file>rts430x_lc_rd_eabi.lib</file>
         <name>subd.c.obj</name>
      </input_file>
      <input_file id="fl-a2">
         <path>/Applications/ti/ccs2010/ccs/tools/compiler/ti-cgt-msp430_21.6.1.LTS/lib/</path>
         <kind>archive</kind>
         <file>rts430x_lc_rd_eabi.lib</file>
         <name>defs.c.obj</name>
      </input_file>
      <input_file id="fl-a3">
         <path>/Applications/ti/ccs2010/ccs/tools/compiler/ti-cgt-msp430_21.6.1.LTS/lib/</path>
         <kind>archive</kind>
         <file>rts430x_lc_rd_eabi.lib</file>
         <name>abs.c.obj</name>
      </input_file>
      <input_file id="fl-a4">
         <path>/Applications/ti/ccs2010/ccs/tools/compiler/ti-cgt-msp430_21.6.1.LTS/lib/</path>
         <kind>archive</kind>
         <file>rts430x_lc_rd_eabi.lib</file>
         <name>atoi.c.obj</name>
      </input_file>
      <input_file id="fl-a5">
         <path>/Applications/ti/ccs2010/ccs/tools/compiler/ti-cgt-msp430_21.6.1.LTS/lib/</path>
         <kind>archive</kind>
         <file>rts430x_lc_rd_eabi.lib</file>
         <name>ctype.c.obj</name>
      </input_file>
      <input_file id="fl-a6">
         <path>/Applications/ti/ccs2010/ccs/tools/compiler/ti-cgt-msp430_21.6.1.LTS/lib/</path>
         <kind>archive</kind>
         <file>rts430x_lc_rd_eabi.lib</file>
         <name>errno.c.obj</name>
      </input_file>
      <input_file id="fl-a7">
         <path>/Applications/ti/ccs2010/ccs/tools/compiler/ti-cgt-msp430_21.6.1.LTS/lib/</path>
         <kind>archive</kind>
         <file>rts430x_lc_rd_eabi.lib</file>
         <name>fputc.c.obj</name>
      </input_file>
      <input_file id="fl-a8">
         <path>/Applications/ti/ccs2010/ccs/tools/compiler/ti-cgt-msp430_21.6.1.LTS/lib/</path>
         <kind>archive</kind>
         <file>rts430x_lc_rd_eabi.lib</file>
         <name>fflush.c.obj</name>
      </input_file>
      <input_file id="fl-a9">
         <path>/Applications/ti/ccs2010/ccs/tools/compiler/ti-cgt-msp430_21.6.1.LTS/lib/</path>
         <kind>archive</kind>
         <file>rts430x_lc_rd_eabi.lib</file>
         <name>_io_perm.c.obj</name>
      </input_file>
      <input_file id="fl-aa">
         <path>/Applications/ti/ccs2010/ccs/tools/compiler/ti-cgt-msp430_21.6.1.LTS/lib/</path>
         <kind>archive</kind>
         <file>rts430x_lc_rd_eabi.lib</file>
         <name>fputs.c.obj</name>
      </input_file>
      <input_file id="fl-ab">
         <path>/Applications/ti/ccs2010/ccs/tools/compiler/ti-cgt-msp430_21.6.1.LTS/lib/</path>
         <kind>archive</kind>
         <file>rts430x_lc_rd_eabi.lib</file>
         <name>s_frexp.c.obj</name>
      </input_file>
      <input_file id="fl-ac">
         <path>/Applications/ti/ccs2010/ccs/tools/compiler/ti-cgt-msp430_21.6.1.LTS/lib/</path>
         <kind>archive</kind>
         <file>rts430x_lc_rd_eabi.lib</file>
         <name>fseek.c.obj</name>
      </input_file>
      <input_file id="fl-ad">
         <path>/Applications/ti/ccs2010/ccs/tools/compiler/ti-cgt-msp430_21.6.1.LTS/lib/</path>
         <kind>archive</kind>
         <file>rts430x_lc_rd_eabi.lib</file>
         <name>s_scalbn.c.obj</name>
      </input_file>
      <input_file id="fl-ae">
         <path>/Applications/ti/ccs2010/ccs/tools/compiler/ti-cgt-msp430_21.6.1.LTS/lib/</path>
         <kind>archive</kind>
         <file>rts430x_lc_rd_eabi.lib</file>
         <name>s_copysign.c.obj</name>
      </input_file>
      <input_file id="fl-af">
         <path>/Applications/ti/ccs2010/ccs/tools/compiler/ti-cgt-msp430_21.6.1.LTS/lib/</path>
         <kind>archive</kind>
         <file>rts430x_lc_rd_eabi.lib</file>
         <name>lseek.c.obj</name>
      </input_file>
      <input_file id="fl-b0">
         <path>/Applications/ti/ccs2010/ccs/tools/compiler/ti-cgt-msp430_21.6.1.LTS/lib/</path>
         <kind>archive</kind>
         <file>rts430x_lc_rd_eabi.lib</file>
         <name>host_device.c.obj</name>
      </input_file>
      <input_file id="fl-b1">
         <path>/Applications/ti/ccs2010/ccs/tools/compiler/ti-cgt-msp430_21.6.1.LTS/lib/</path>
         <kind>archive</kind>
         <file>rts430x_lc_rd_eabi.lib</file>
         <name>hostclose.c.obj</name>
      </input_file>
      <input_file id="fl-b2">
         <path>/Applications/ti/ccs2010/ccs/tools/compiler/ti-cgt-msp430_21.6.1.LTS/lib/</path>
         <kind>archive</kind>
         <file>rts430x_lc_rd_eabi.lib</file>
         <name>hostlseek.c.obj</name>
      </input_file>
      <input_file id="fl-b3">
         <path>/Applications/ti/ccs2010/ccs/tools/compiler/ti-cgt-msp430_21.6.1.LTS/lib/</path>
         <kind>archive</kind>
         <file>rts430x_lc_rd_eabi.lib</file>
         <name>hostopen.c.obj</name>
      </input_file>
      <input_file id="fl-b4">
         <path>/Applications/ti/ccs2010/ccs/tools/compiler/ti-cgt-msp430_21.6.1.LTS/lib/</path>
         <kind>archive</kind>
         <file>rts430x_lc_rd_eabi.lib</file>
         <name>hostread.c.obj</name>
      </input_file>
      <input_file id="fl-b5">
         <path>/Applications/ti/ccs2010/ccs/tools/compiler/ti-cgt-msp430_21.6.1.LTS/lib/</path>
         <kind>archive</kind>
         <file>rts430x_lc_rd_eabi.lib</file>
         <name>hostrename.c.obj</name>
      </input_file>
      <input_file id="fl-b6">
         <path>/Applications/ti/ccs2010/ccs/tools/compiler/ti-cgt-msp430_21.6.1.LTS/lib/</path>
         <kind>archive</kind>
         <file>rts430x_lc_rd_eabi.lib</file>
         <name>hostunlink.c.obj</name>
      </input_file>
      <input_file id="fl-b7">
         <path>/Applications/ti/ccs2010/ccs/tools/compiler/ti-cgt-msp430_21.6.1.LTS/lib/</path>
         <kind>archive</kind>
         <file>rts430x_lc_rd_eabi.lib</file>
         <name>hostwrite.c.obj</name>
      </input_file>
      <input_file id="fl-b8">
         <path>/Applications/ti/ccs2010/ccs/tools/compiler/ti-cgt-msp430_21.6.1.LTS/lib/</path>
         <kind>archive</kind>
         <file>rts430x_lc_rd_eabi.lib</file>
         <name>trgmsg.c.obj</name>
      </input_file>
      <input_file id="fl-b9">
         <path>/Applications/ti/ccs2010/ccs/tools/compiler/ti-cgt-msp430_21.6.1.LTS/lib/</path>
         <kind>archive</kind>
         <file>rts430x_lc_rd_eabi.lib</file>
         <name>memccpy.c.obj</name>
      </input_file>
      <input_file id="fl-ba">
         <path>/Applications/ti/ccs2010/ccs/tools/compiler/ti-cgt-msp430_21.6.1.LTS/lib/</path>
         <kind>archive</kind>
         <file>rts430x_lc_rd_eabi.lib</file>
         <name>memchr.c.obj</name>
      </input_file>
      <input_file id="fl-bb">
         <path>/Applications/ti/ccs2010/ccs/tools/compiler/ti-cgt-msp430_21.6.1.LTS/lib/</path>
         <kind>archive</kind>
         <file>rts430x_lc_rd_eabi.lib</file>
         <name>setvbuf.c.obj</name>
      </input_file>
      <input_file id="fl-bc">
         <path>/Applications/ti/ccs2010/ccs/tools/compiler/ti-cgt-msp430_21.6.1.LTS/lib/</path>
         <kind>archive</kind>
         <file>rts430x_lc_rd_eabi.lib</file>
         <name>fopen.c.obj</name>
      </input_file>
      <input_file id="fl-bd">
         <path>/Applications/ti/ccs2010/ccs/tools/compiler/ti-cgt-msp430_21.6.1.LTS/lib/</path>
         <kind>archive</kind>
         <file>rts430x_lc_rd_eabi.lib</file>
         <name>fclose.c.obj</name>
      </input_file>
      <input_file id="fl-be">
         <path>/Applications/ti/ccs2010/ccs/tools/compiler/ti-cgt-msp430_21.6.1.LTS/lib/</path>
         <kind>archive</kind>
         <file>rts430x_lc_rd_eabi.lib</file>
         <name>close.c.obj</name>
      </input_file>
      <input_file id="fl-bf">
         <path>/Applications/ti/ccs2010/ccs/tools/compiler/ti-cgt-msp430_21.6.1.LTS/lib/</path>
         <kind>archive</kind>
         <file>rts430x_lc_rd_eabi.lib</file>
         <name>memory.c.obj</name>
      </input_file>
      <input_file id="fl-c0">
         <path>/Applications/ti/ccs2010/ccs/tools/compiler/ti-cgt-msp430_21.6.1.LTS/lib/</path>
         <kind>archive</kind>
         <file>rts430x_lc_rd_eabi.lib</file>
         <name>open.c.obj</name>
      </input_file>
      <input_file id="fl-c1">
         <path>/Applications/ti/ccs2010/ccs/tools/compiler/ti-cgt-msp430_21.6.1.LTS/lib/</path>
         <kind>archive</kind>
         <file>rts430x_lc_rd_eabi.lib</file>
         <name>getdevice.c.obj</name>
      </input_file>
      <input_file id="fl-c2">
         <path>/Applications/ti/ccs2010/ccs/tools/compiler/ti-cgt-msp430_21.6.1.LTS/lib/</path>
         <kind>archive</kind>
         <file>rts430x_lc_rd_eabi.lib</file>
         <name>remove.c.obj</name>
      </input_file>
      <input_file id="fl-c3">
         <path>/Applications/ti/ccs2010/ccs/tools/compiler/ti-cgt-msp430_21.6.1.LTS/lib/</path>
         <kind>archive</kind>
         <file>rts430x_lc_rd_eabi.lib</file>
         <name>strchr.c.obj</name>
      </input_file>
      <input_file id="fl-c4">
         <path>/Applications/ti/ccs2010/ccs/tools/compiler/ti-cgt-msp430_21.6.1.LTS/lib/</path>
         <kind>archive</kind>
         <file>rts430x_lc_rd_eabi.lib</file>
         <name>strcmp.c.obj</name>
      </input_file>
      <input_file id="fl-c5">
         <path>/Applications/ti/ccs2010/ccs/tools/compiler/ti-cgt-msp430_21.6.1.LTS/lib/</path>
         <kind>archive</kind>
         <file>rts430x_lc_rd_eabi.lib</file>
         <name>strcpy.c.obj</name>
      </input_file>
      <input_file id="fl-c6">
         <path>/Applications/ti/ccs2010/ccs/tools/compiler/ti-cgt-msp430_21.6.1.LTS/lib/</path>
         <kind>archive</kind>
         <file>rts430x_lc_rd_eabi.lib</file>
         <name>strlen.c.obj</name>
      </input_file>
      <input_file id="fl-c7">
         <path>/Applications/ti/ccs2010/ccs/tools/compiler/ti-cgt-msp430_21.6.1.LTS/lib/</path>
         <kind>archive</kind>
         <file>rts430x_lc_rd_eabi.lib</file>
         <name>strncpy.c.obj</name>
      </input_file>
      <input_file id="fl-c8">
         <path>/Applications/ti/ccs2010/ccs/tools/compiler/ti-cgt-msp430_21.6.1.LTS/lib/</path>
         <kind>archive</kind>
         <file>rts430x_lc_rd_eabi.lib</file>
         <name>toupper.c.obj</name>
      </input_file>
      <input_file id="fl-c9">
         <path>/Applications/ti/ccs2010/ccs/tools/compiler/ti-cgt-msp430_21.6.1.LTS/lib/</path>
         <kind>archive</kind>
         <file>rts430x_lc_rd_eabi.lib</file>
         <name>unlink.c.obj</name>
      </input_file>
      <input_file id="fl-ca">
         <path>/Applications/ti/ccs2010/ccs/tools/compiler/ti-cgt-msp430_21.6.1.LTS/lib/</path>
         <kind>archive</kind>
         <file>rts430x_lc_rd_eabi.lib</file>
         <name>wcslen.c.obj</name>
      </input_file>
      <input_file id="fl-cb">
         <path>/Applications/ti/ccs2010/ccs/tools/compiler/ti-cgt-msp430_21.6.1.LTS/lib/</path>
         <kind>archive</kind>
         <file>rts430x_lc_rd_eabi.lib</file>
         <name>write.c.obj</name>
      </input_file>
   </input_file_list>
   <object_component_list>
      <object_component id="oc-737">
         <name>.cio</name>
         <uninitialized>true</uninitialized>
         <run_address>0x4400</run_address>
         <size>0x120</size>
         <input_file_ref idref="fl-b8"/>
      </object_component>
      <object_component id="oc-3b5">
         <name>.sysmem</name>
         <uninitialized>true</uninitialized>
         <run_address>0x4520</run_address>
         <size>0x8</size>
         <input_file_ref idref="fl-bf"/>
      </object_component>
      <object_component id="oc-7fc">
         <name>.sysmem</name>
         <uninitialized>true</uninitialized>
         <run_address>0x4520</run_address>
         <size>0x0</size>
      </object_component>
      <object_component id="oc-7fa">
         <name>.cinit..data.load</name>
         <load_address>0x488a</load_address>
         <run_address>0x488a</run_address>
         <size>0x54</size>
      </object_component>
      <object_component id="oc-7f7">
         <name>__TI_handler_table</name>
         <load_address>0x48de</load_address>
         <run_address>0x48de</run_address>
         <size>0xc</size>
      </object_component>
      <object_component id="oc-7f9">
         <name>.cinit..bss.load</name>
         <load_address>0x48ea</load_address>
         <run_address>0x48ea</run_address>
         <size>0x6</size>
      </object_component>
      <object_component id="oc-7f8">
         <name>__TI_cinit_table</name>
         <load_address>0x48f0</load_address>
         <run_address>0x48f0</run_address>
         <size>0x10</size>
      </object_component>
      <object_component id="oc-788">
         <name>.binit</name>
         <load_address>0x4400</load_address>
         <run_address>0x4400</run_address>
         <size>0x0</size>
      </object_component>
      <object_component id="oc-490">
         <name>.const:.string</name>
         <load_address>0x4834</load_address>
         <run_address>0x4834</run_address>
         <size>0x30</size>
         <input_file_ref idref="fl-5"/>
      </object_component>
      <object_component id="oc-5f3">
         <name>.const:.string</name>
         <load_address>0x4864</load_address>
         <run_address>0x4864</run_address>
         <size>0x26</size>
         <input_file_ref idref="fl-99"/>
      </object_component>
      <object_component id="oc-405">
         <name>.text:_isr:_c_int00_noargs_mpu</name>
         <load_address>0x4800</load_address>
         <run_address>0x4800</run_address>
         <size>0x20</size>
         <input_file_ref idref="fl-8c"/>
      </object_component>
      <object_component id="oc-3d5">
         <name>.text:_isr:Timer0_A0_ISR</name>
         <load_address>0x4820</load_address>
         <run_address>0x4820</run_address>
         <size>0xc</size>
         <input_file_ref idref="fl-2"/>
      </object_component>
      <object_component id="oc-3d0">
         <name>.text:_isr:__TI_ISR_TRAP</name>
         <load_address>0x482c</load_address>
         <run_address>0x482c</run_address>
         <size>0x8</size>
         <input_file_ref idref="fl-53"/>
      </object_component>
      <object_component id="oc-57f">
         <name>.text:__TI_printfi_minimal:_setfield___TI_printfi_minimal</name>
         <load_address>0x10000</load_address>
         <run_address>0x10000</run_address>
         <size>0x132</size>
         <input_file_ref idref="fl-99"/>
      </object_component>
      <object_component id="oc-699">
         <name>.text:aligned_alloc</name>
         <load_address>0x10132</load_address>
         <run_address>0x10132</run_address>
         <size>0x112</size>
         <input_file_ref idref="fl-bf"/>
      </object_component>
      <object_component id="oc-56b">
         <name>.text:fputs</name>
         <load_address>0x10244</load_address>
         <run_address>0x10244</run_address>
         <size>0xf0</size>
         <input_file_ref idref="fl-aa"/>
      </object_component>
      <object_component id="oc-64a">
         <name>.text:free</name>
         <load_address>0x10334</load_address>
         <run_address>0x10334</run_address>
         <size>0xe2</size>
         <input_file_ref idref="fl-bf"/>
      </object_component>
      <object_component id="oc-61e">
         <name>.text:setvbuf</name>
         <load_address>0x10416</load_address>
         <run_address>0x10416</run_address>
         <size>0xde</size>
         <input_file_ref idref="fl-bb"/>
      </object_component>
      <object_component id="oc-50b">
         <name>.text:__TI_printfi_minimal:__TI_printfi_minimal</name>
         <load_address>0x104f4</load_address>
         <run_address>0x104f4</run_address>
         <size>0xdc</size>
         <input_file_ref idref="fl-99"/>
      </object_component>
      <object_component id="oc-5f4">
         <name>.text:__TI_printfi_minimal:_pproc_diouxp___TI_printfi_minimal</name>
         <load_address>0x105d0</load_address>
         <run_address>0x105d0</run_address>
         <size>0xda</size>
         <input_file_ref idref="fl-99"/>
      </object_component>
      <object_component id="oc-48a">
         <name>.text:__mspabi_cmpd</name>
         <load_address>0x106aa</load_address>
         <run_address>0x106aa</run_address>
         <size>0xd8</size>
         <input_file_ref idref="fl-6d"/>
      </object_component>
      <object_component id="oc-6c4">
         <name>.text:HOSTlseek</name>
         <load_address>0x10782</load_address>
         <run_address>0x10782</run_address>
         <size>0x9a</size>
         <input_file_ref idref="fl-b2"/>
      </object_component>
      <object_component id="oc-572">
         <name>.text:fputc</name>
         <load_address>0x1081c</load_address>
         <run_address>0x1081c</run_address>
         <size>0x90</size>
         <input_file_ref idref="fl-a7"/>
      </object_component>
      <object_component id="oc-4ec">
         <name>.text:__mspabi_fltuld</name>
         <load_address>0x108ac</load_address>
         <run_address>0x108ac</run_address>
         <size>0x80</size>
         <input_file_ref idref="fl-78"/>
      </object_component>
      <object_component id="oc-5d5">
         <name>.text:__TI_wrt_ok</name>
         <load_address>0x1092c</load_address>
         <run_address>0x1092c</run_address>
         <size>0x7e</size>
         <input_file_ref idref="fl-a9"/>
      </object_component>
      <object_component id="oc-76">
         <name>.text:decompress:lzss:__TI_decompress_lzss</name>
         <load_address>0x109aa</load_address>
         <run_address>0x109aa</run_address>
         <size>0x76</size>
         <input_file_ref idref="fl-50"/>
      </object_component>
      <object_component id="oc-6d0">
         <name>.text:HOSTrename</name>
         <load_address>0x10a20</load_address>
         <run_address>0x10a20</run_address>
         <size>0x74</size>
         <input_file_ref idref="fl-b5"/>
      </object_component>
      <object_component id="oc-6a0">
         <name>.text:__TI_closefile</name>
         <load_address>0x10a94</load_address>
         <run_address>0x10a94</run_address>
         <size>0x74</size>
         <input_file_ref idref="fl-bd"/>
      </object_component>
      <object_component id="oc-6ea">
         <name>.text:split</name>
         <load_address>0x10b08</load_address>
         <run_address>0x10b08</run_address>
         <size>0x74</size>
         <input_file_ref idref="fl-bf"/>
      </object_component>
      <object_component id="oc-6ac">
         <name>.text:HOSTopen</name>
         <load_address>0x10b7c</load_address>
         <run_address>0x10b7c</run_address>
         <size>0x70</size>
         <input_file_ref idref="fl-b3"/>
      </object_component>
      <object_component id="oc-6be">
         <name>.text:HOSTwrite</name>
         <load_address>0x10bec</load_address>
         <run_address>0x10bec</run_address>
         <size>0x6c</size>
         <input_file_ref idref="fl-b7"/>
      </object_component>
      <object_component id="oc-6b8">
         <name>.text:HOSTread</name>
         <load_address>0x10c58</load_address>
         <run_address>0x10c58</run_address>
         <size>0x6a</size>
         <input_file_ref idref="fl-b4"/>
      </object_component>
      <object_component id="oc-618">
         <name>.text:fseeko</name>
         <load_address>0x10cc2</load_address>
         <run_address>0x10cc2</run_address>
         <size>0x6a</size>
         <input_file_ref idref="fl-ac"/>
      </object_component>
      <object_component id="oc-43b">
         <name>.text:main</name>
         <load_address>0x10d2c</load_address>
         <run_address>0x10d2c</run_address>
         <size>0x6a</size>
         <input_file_ref idref="fl-5"/>
      </object_component>
      <object_component id="oc-47b">
         <name>.text:ADC_Read</name>
         <load_address>0x10d96</load_address>
         <run_address>0x10d96</run_address>
         <size>0x66</size>
         <input_file_ref idref="fl-5"/>
      </object_component>
      <object_component id="oc-5e1">
         <name>.text:__TI_doflush</name>
         <load_address>0x10dfc</load_address>
         <run_address>0x10dfc</run_address>
         <size>0x64</size>
         <input_file_ref idref="fl-a8"/>
      </object_component>
      <object_component id="oc-6f1">
         <name>.text:close</name>
         <load_address>0x10e60</load_address>
         <run_address>0x10e60</run_address>
         <size>0x5a</size>
         <input_file_ref idref="fl-be"/>
      </object_component>
      <object_component id="oc-72b">
         <name>.text:getdevice</name>
         <load_address>0x10eba</load_address>
         <run_address>0x10eba</run_address>
         <size>0x5a</size>
         <input_file_ref idref="fl-c1"/>
      </object_component>
      <object_component id="oc-4bc">
         <name>.text:__TI_auto_init_nobinit_nopinit_hold_wdt:__TI_auto_init_nobinit_nopinit_hold_wdt</name>
         <load_address>0x10f14</load_address>
         <run_address>0x10f14</run_address>
         <size>0x54</size>
         <input_file_ref idref="fl-8f"/>
      </object_component>
      <object_component id="oc-6b2">
         <name>.text:HOSTclose</name>
         <load_address>0x10f68</load_address>
         <run_address>0x10f68</run_address>
         <size>0x4e</size>
         <input_file_ref idref="fl-b1"/>
      </object_component>
      <object_component id="oc-49e">
         <name>.text:exit</name>
         <load_address>0x10fb6</load_address>
         <run_address>0x10fb6</run_address>
         <size>0x4a</size>
         <input_file_ref idref="fl-93"/>
      </object_component>
      <object_component id="oc-491">
         <name>.text:printf</name>
         <load_address>0x11000</load_address>
         <run_address>0x11000</run_address>
         <size>0x4a</size>
         <input_file_ref idref="fl-98"/>
      </object_component>
      <object_component id="oc-585">
         <name>.text:__TI_printfi_minimal:_pproc_str___TI_printfi_minimal</name>
         <load_address>0x1104a</load_address>
         <run_address>0x1104a</run_address>
         <size>0x48</size>
         <input_file_ref idref="fl-99"/>
      </object_component>
      <object_component id="oc-6ca">
         <name>.text:HOSTunlink</name>
         <load_address>0x11092</load_address>
         <run_address>0x11092</run_address>
         <size>0x46</size>
         <input_file_ref idref="fl-b6"/>
      </object_component>
      <object_component id="oc-552">
         <name>.text:l_lsl_const</name>
         <load_address>0x110d8</load_address>
         <run_address>0x110d8</run_address>
         <size>0x3e</size>
         <input_file_ref idref="fl-86"/>
      </object_component>
      <object_component id="oc-557">
         <name>.text:l_lsr_const</name>
         <load_address>0x11116</load_address>
         <run_address>0x11116</run_address>
         <size>0x3e</size>
         <input_file_ref idref="fl-8a"/>
      </object_component>
      <object_component id="oc-63d">
         <name>.text:lseek</name>
         <load_address>0x11154</load_address>
         <run_address>0x11154</run_address>
         <size>0x3e</size>
         <input_file_ref idref="fl-af"/>
      </object_component>
      <object_component id="oc-5e7">
         <name>.text:write</name>
         <load_address>0x11192</load_address>
         <run_address>0x11192</run_address>
         <size>0x3c</size>
         <input_file_ref idref="fl-cb"/>
      </object_component>
      <object_component id="oc-656">
         <name>.text:__TI_cleanup</name>
         <load_address>0x111ce</load_address>
         <run_address>0x111ce</run_address>
         <size>0x36</size>
         <input_file_ref idref="fl-bc"/>
      </object_component>
      <object_component id="oc-705">
         <name>.text:__TI_writemsg</name>
         <load_address>0x11204</load_address>
         <run_address>0x11204</run_address>
         <size>0x36</size>
         <input_file_ref idref="fl-b8"/>
      </object_component>
      <object_component id="oc-475">
         <name>.text:stepper_motor_init</name>
         <load_address>0x1123a</load_address>
         <run_address>0x1123a</run_address>
         <size>0x34</size>
         <input_file_ref idref="fl-2"/>
      </object_component>
      <object_component id="oc-70b">
         <name>.text:__TI_readmsg</name>
         <load_address>0x1126e</load_address>
         <run_address>0x1126e</run_address>
         <size>0x32</size>
         <input_file_ref idref="fl-b8"/>
      </object_component>
      <object_component id="oc-753">
         <name>.text:strncpy</name>
         <load_address>0x112a0</load_address>
         <run_address>0x112a0</run_address>
         <size>0x32</size>
         <input_file_ref idref="fl-c7"/>
      </object_component>
      <object_component id="oc-6f8">
         <name>.text:unlink</name>
         <load_address>0x112d2</load_address>
         <run_address>0x112d2</run_address>
         <size>0x30</size>
         <input_file_ref idref="fl-c9"/>
      </object_component>
      <object_component id="oc-759">
         <name>.text:finddevice</name>
         <load_address>0x11302</load_address>
         <run_address>0x11302</run_address>
         <size>0x2e</size>
         <input_file_ref idref="fl-c1"/>
      </object_component>
      <object_component id="oc-44d">
         <name>.text:__mpu_init</name>
         <load_address>0x11330</load_address>
         <run_address>0x11330</run_address>
         <size>0x2c</size>
         <input_file_ref idref="fl-8d"/>
      </object_component>
      <object_component id="oc-692">
         <name>.text:free_list_insert</name>
         <load_address>0x1135c</load_address>
         <run_address>0x1135c</run_address>
         <size>0x2c</size>
         <input_file_ref idref="fl-bf"/>
      </object_component>
      <object_component id="oc-4df">
         <name>.text</name>
         <load_address>0x11388</load_address>
         <run_address>0x11388</run_address>
         <size>0x2c</size>
         <input_file_ref idref="fl-72"/>
      </object_component>
      <object_component id="oc-68c">
         <name>.text:free_list_remove</name>
         <load_address>0x113b4</load_address>
         <run_address>0x113b4</run_address>
         <size>0x2a</size>
         <input_file_ref idref="fl-bf"/>
      </object_component>
      <object_component id="oc-5fa">
         <name>.text:memccpy</name>
         <load_address>0x113de</load_address>
         <run_address>0x113de</run_address>
         <size>0x26</size>
         <input_file_ref idref="fl-b9"/>
      </object_component>
      <object_component id="oc-3db">
         <name>.text:decompress:ZI:__TI_zero_init_nomemset:__TI_zero_init_nomemset</name>
         <load_address>0x11404</load_address>
         <run_address>0x11404</run_address>
         <size>0x24</size>
         <input_file_ref idref="fl-6b"/>
      </object_component>
      <object_component id="oc-74d">
         <name>.text:strchr</name>
         <load_address>0x11428</load_address>
         <run_address>0x11428</run_address>
         <size>0x1c</size>
         <input_file_ref idref="fl-c3"/>
      </object_component>
      <object_component id="oc-772">
         <name>.text:strcmp</name>
         <load_address>0x11444</load_address>
         <run_address>0x11444</run_address>
         <size>0x1c</size>
         <input_file_ref idref="fl-c4"/>
      </object_component>
      <object_component id="oc-5b6">
         <name>.text</name>
         <load_address>0x11460</load_address>
         <run_address>0x11460</run_address>
         <size>0x18</size>
         <input_file_ref idref="fl-7c"/>
      </object_component>
      <object_component id="oc-46f">
         <name>.text:ADC_Init</name>
         <load_address>0x11478</load_address>
         <run_address>0x11478</run_address>
         <size>0x16</size>
         <input_file_ref idref="fl-5"/>
      </object_component>
      <object_component id="oc-686">
         <name>.text:heap_start</name>
         <load_address>0x1148e</load_address>
         <run_address>0x1148e</run_address>
         <size>0x16</size>
         <input_file_ref idref="fl-bf"/>
      </object_component>
      <object_component id="oc-5db">
         <name>.text:memchr</name>
         <load_address>0x114a4</load_address>
         <run_address>0x114a4</run_address>
         <size>0x16</size>
         <input_file_ref idref="fl-ba"/>
      </object_component>
      <object_component id="oc-4d9">
         <name>.text:memset</name>
         <load_address>0x114ba</load_address>
         <run_address>0x114ba</run_address>
         <size>0x16</size>
         <input_file_ref idref="fl-97"/>
      </object_component>
      <object_component id="oc-545">
         <name>.text</name>
         <load_address>0x114d0</load_address>
         <run_address>0x114d0</run_address>
         <size>0x16</size>
         <input_file_ref idref="fl-74"/>
      </object_component>
      <object_component id="oc-3c3">
         <name>.text:memcpy</name>
         <load_address>0x114e6</load_address>
         <run_address>0x114e6</run_address>
         <size>0x14</size>
         <input_file_ref idref="fl-96"/>
      </object_component>
      <object_component id="oc-7c">
         <name>.text:decompress:none:__TI_decompress_none</name>
         <load_address>0x114fa</load_address>
         <run_address>0x114fa</run_address>
         <size>0x12</size>
         <input_file_ref idref="fl-51"/>
      </object_component>
      <object_component id="oc-71c">
         <name>.text:strcpy</name>
         <load_address>0x1150c</load_address>
         <run_address>0x1150c</run_address>
         <size>0x12</size>
         <input_file_ref idref="fl-c5"/>
      </object_component>
      <object_component id="oc-579">
         <name>.text:strlen</name>
         <load_address>0x1151e</load_address>
         <run_address>0x1151e</run_address>
         <size>0xe</size>
         <input_file_ref idref="fl-c6"/>
      </object_component>
      <object_component id="oc-650">
         <name>.text:malloc</name>
         <load_address>0x1152c</load_address>
         <run_address>0x1152c</run_address>
         <size>0x8</size>
         <input_file_ref idref="fl-bf"/>
      </object_component>
      <object_component id="oc-484">
         <name>.text:__mspabi_fltud</name>
         <load_address>0x11534</load_address>
         <run_address>0x11534</run_address>
         <size>0x6</size>
         <input_file_ref idref="fl-76"/>
      </object_component>
      <object_component id="oc-505">
         <name>.text:_outc</name>
         <load_address>0x1153a</load_address>
         <run_address>0x1153a</run_address>
         <size>0x6</size>
         <input_file_ref idref="fl-98"/>
      </object_component>
      <object_component id="oc-498">
         <name>.text:abort</name>
         <load_address>0x11540</load_address>
         <run_address>0x11540</run_address>
         <size>0x6</size>
         <input_file_ref idref="fl-93"/>
      </object_component>
      <object_component id="oc-4ff">
         <name>.text:_outs</name>
         <load_address>0x11546</load_address>
         <run_address>0x11546</run_address>
         <size>0x4</size>
         <input_file_ref idref="fl-98"/>
      </object_component>
      <object_component id="oc-435">
         <name>.text:_system_pre_init</name>
         <load_address>0x1154a</load_address>
         <run_address>0x1154a</run_address>
         <size>0x4</size>
         <input_file_ref idref="fl-91"/>
      </object_component>
      <object_component id="oc-55e">
         <name>.text:_nop</name>
         <load_address>0x1154e</load_address>
         <run_address>0x1154e</run_address>
         <size>0x2</size>
         <input_file_ref idref="fl-95"/>
      </object_component>
      <object_component id="oc-522">
         <name>.text:_system_post_cinit</name>
         <load_address>0x11550</load_address>
         <run_address>0x11550</run_address>
         <size>0x2</size>
         <input_file_ref idref="fl-90"/>
      </object_component>
      <object_component id="oc-6e2">
         <name>.bss</name>
         <uninitialized>true</uninitialized>
         <run_address>0x1e3a</run_address>
         <size>0x4</size>
         <input_file_ref idref="fl-bf"/>
      </object_component>
      <object_component id="oc-481">
         <name>.common:read_voltage</name>
         <uninitialized>true</uninitialized>
         <run_address>0x1e3e</run_address>
         <size>0x2</size>
      </object_component>
      <object_component id="oc-6f7">
         <name>.common:__TI_tmpnams</name>
         <uninitialized>true</uninitialized>
         <run_address>0x1d92</run_address>
         <size>0xa0</size>
      </object_component>
      <object_component id="oc-702">
         <name>.common:parmbuf</name>
         <uninitialized>true</uninitialized>
         <run_address>0x1e32</run_address>
         <size>0x8</size>
      </object_component>
      <object_component id="oc-517">
         <name>.data</name>
         <load_address>0x1d8e</load_address>
         <run_address>0x1d8e</run_address>
         <size>0x2</size>
         <input_file_ref idref="fl-93"/>
      </object_component>
      <object_component id="oc-51d">
         <name>.data:__TI_cleanup_ptr</name>
         <load_address>0x1d7c</load_address>
         <run_address>0x1d7c</run_address>
         <size>0x4</size>
         <input_file_ref idref="fl-94"/>
      </object_component>
      <object_component id="oc-51a">
         <name>.data:__TI_dtors_ptr</name>
         <load_address>0x1d80</load_address>
         <run_address>0x1d80</run_address>
         <size>0x4</size>
         <input_file_ref idref="fl-94"/>
      </object_component>
      <object_component id="oc-4f9">
         <name>.data:_lock</name>
         <load_address>0x1d84</load_address>
         <run_address>0x1d84</run_address>
         <size>0x4</size>
         <input_file_ref idref="fl-95"/>
      </object_component>
      <object_component id="oc-511">
         <name>.data:_unlock</name>
         <load_address>0x1d88</load_address>
         <run_address>0x1d88</run_address>
         <size>0x4</size>
         <input_file_ref idref="fl-95"/>
      </object_component>
      <object_component id="oc-4fc">
         <name>.data:_ftable</name>
         <load_address>0x1c00</load_address>
         <run_address>0x1c00</run_address>
         <size>0xc8</size>
         <input_file_ref idref="fl-a2"/>
      </object_component>
      <object_component id="oc-6a6">
         <name>.data</name>
         <load_address>0x1d8c</load_address>
         <run_address>0x1d8c</run_address>
         <size>0x2</size>
         <input_file_ref idref="fl-a2"/>
      </object_component>
      <object_component id="oc-669">
         <name>.data:_device</name>
         <load_address>0x1cc8</load_address>
         <run_address>0x1cc8</run_address>
         <size>0x78</size>
         <input_file_ref idref="fl-b0"/>
      </object_component>
      <object_component id="oc-62a">
         <name>.data:_stream</name>
         <load_address>0x1d40</load_address>
         <run_address>0x1d40</run_address>
         <size>0x3c</size>
         <input_file_ref idref="fl-b0"/>
      </object_component>
      <object_component id="oc-6e7">
         <name>.data</name>
         <load_address>0x1d90</load_address>
         <run_address>0x1d90</run_address>
         <size>0x2</size>
         <input_file_ref idref="fl-bf"/>
      </object_component>
      <object_component id="oc-3b1">
         <name>.stack</name>
         <uninitialized>true</uninitialized>
         <run_address>0x2360</run_address>
         <size>0x4</size>
         <input_file_ref idref="fl-8c"/>
      </object_component>
      <object_component id="oc-7fb">
         <name>.stack</name>
         <uninitialized>true</uninitialized>
         <run_address>0x2360</run_address>
         <size>0x0</size>
      </object_component>
      <object_component id="oc-82">
         <name>.int30</name>
         <load_address>0xffcc</load_address>
         <run_address>0xffcc</run_address>
         <size>0x2</size>
         <input_file_ref idref="fl-52"/>
      </object_component>
      <object_component id="oc-83">
         <name>.int31</name>
         <load_address>0xffce</load_address>
         <run_address>0xffce</run_address>
         <size>0x2</size>
         <input_file_ref idref="fl-54"/>
      </object_component>
      <object_component id="oc-84">
         <name>.int32</name>
         <load_address>0xffd0</load_address>
         <run_address>0xffd0</run_address>
         <size>0x2</size>
         <input_file_ref idref="fl-55"/>
      </object_component>
      <object_component id="oc-85">
         <name>.int33</name>
         <load_address>0xffd2</load_address>
         <run_address>0xffd2</run_address>
         <size>0x2</size>
         <input_file_ref idref="fl-56"/>
      </object_component>
      <object_component id="oc-86">
         <name>.int34</name>
         <load_address>0xffd4</load_address>
         <run_address>0xffd4</run_address>
         <size>0x2</size>
         <input_file_ref idref="fl-57"/>
      </object_component>
      <object_component id="oc-87">
         <name>.int35</name>
         <load_address>0xffd6</load_address>
         <run_address>0xffd6</run_address>
         <size>0x2</size>
         <input_file_ref idref="fl-58"/>
      </object_component>
      <object_component id="oc-88">
         <name>.int36</name>
         <load_address>0xffd8</load_address>
         <run_address>0xffd8</run_address>
         <size>0x2</size>
         <input_file_ref idref="fl-59"/>
      </object_component>
      <object_component id="oc-89">
         <name>.int37</name>
         <load_address>0xffda</load_address>
         <run_address>0xffda</run_address>
         <size>0x2</size>
         <input_file_ref idref="fl-5a"/>
      </object_component>
      <object_component id="oc-8a">
         <name>.int38</name>
         <load_address>0xffdc</load_address>
         <run_address>0xffdc</run_address>
         <size>0x2</size>
         <input_file_ref idref="fl-5b"/>
      </object_component>
      <object_component id="oc-8b">
         <name>.int39</name>
         <load_address>0xffde</load_address>
         <run_address>0xffde</run_address>
         <size>0x2</size>
         <input_file_ref idref="fl-5c"/>
      </object_component>
      <object_component id="oc-8c">
         <name>.int40</name>
         <load_address>0xffe0</load_address>
         <run_address>0xffe0</run_address>
         <size>0x2</size>
         <input_file_ref idref="fl-5d"/>
      </object_component>
      <object_component id="oc-8d">
         <name>.int41</name>
         <load_address>0xffe2</load_address>
         <run_address>0xffe2</run_address>
         <size>0x2</size>
         <input_file_ref idref="fl-5e"/>
      </object_component>
      <object_component id="oc-8e">
         <name>.int42</name>
         <load_address>0xffe4</load_address>
         <run_address>0xffe4</run_address>
         <size>0x2</size>
         <input_file_ref idref="fl-5f"/>
      </object_component>
      <object_component id="oc-8f">
         <name>.int43</name>
         <load_address>0xffe6</load_address>
         <run_address>0xffe6</run_address>
         <size>0x2</size>
         <input_file_ref idref="fl-60"/>
      </object_component>
      <object_component id="oc-90">
         <name>.int44</name>
         <load_address>0xffe8</load_address>
         <run_address>0xffe8</run_address>
         <size>0x2</size>
         <input_file_ref idref="fl-61"/>
      </object_component>
      <object_component id="oc-91">
         <name>.int45</name>
         <load_address>0xffea</load_address>
         <run_address>0xffea</run_address>
         <size>0x2</size>
         <input_file_ref idref="fl-2"/>
      </object_component>
      <object_component id="oc-92">
         <name>.int46</name>
         <load_address>0xffec</load_address>
         <run_address>0xffec</run_address>
         <size>0x2</size>
         <input_file_ref idref="fl-62"/>
      </object_component>
      <object_component id="oc-93">
         <name>.int47</name>
         <load_address>0xffee</load_address>
         <run_address>0xffee</run_address>
         <size>0x2</size>
         <input_file_ref idref="fl-63"/>
      </object_component>
      <object_component id="oc-94">
         <name>.int48</name>
         <load_address>0xfff0</load_address>
         <run_address>0xfff0</run_address>
         <size>0x2</size>
         <input_file_ref idref="fl-64"/>
      </object_component>
      <object_component id="oc-95">
         <name>.int49</name>
         <load_address>0xfff2</load_address>
         <run_address>0xfff2</run_address>
         <size>0x2</size>
         <input_file_ref idref="fl-65"/>
      </object_component>
      <object_component id="oc-96">
         <name>.int50</name>
         <load_address>0xfff4</load_address>
         <run_address>0xfff4</run_address>
         <size>0x2</size>
         <input_file_ref idref="fl-66"/>
      </object_component>
      <object_component id="oc-97">
         <name>.int51</name>
         <load_address>0xfff6</load_address>
         <run_address>0xfff6</run_address>
         <size>0x2</size>
         <input_file_ref idref="fl-67"/>
      </object_component>
      <object_component id="oc-98">
         <name>.int52</name>
         <load_address>0xfff8</load_address>
         <run_address>0xfff8</run_address>
         <size>0x2</size>
         <input_file_ref idref="fl-68"/>
      </object_component>
      <object_component id="oc-99">
         <name>.int53</name>
         <load_address>0xfffa</load_address>
         <run_address>0xfffa</run_address>
         <size>0x2</size>
         <input_file_ref idref="fl-69"/>
      </object_component>
      <object_component id="oc-9a">
         <name>.int54</name>
         <load_address>0xfffc</load_address>
         <run_address>0xfffc</run_address>
         <size>0x2</size>
         <input_file_ref idref="fl-6a"/>
      </object_component>
      <object_component id="oc-3b4">
         <name>.reset</name>
         <load_address>0xfffe</load_address>
         <run_address>0xfffe</run_address>
         <size>0x2</size>
         <input_file_ref idref="fl-8c"/>
      </object_component>
      <object_component id="oc-476">
         <name>.debug_info</name>
         <load_address>0x0</load_address>
         <run_address>0x0</run_address>
         <size>0x15b</size>
         <input_file_ref idref="fl-2"/>
      </object_component>
      <object_component id="oc-3d6">
         <name>.debug_info</name>
         <load_address>0x15b</load_address>
         <run_address>0x15b</run_address>
         <size>0x152</size>
         <input_file_ref idref="fl-2"/>
      </object_component>
      <object_component id="oc-3be">
         <name>.debug_info</name>
         <load_address>0x2ad</load_address>
         <run_address>0x2ad</run_address>
         <size>0x84</size>
         <input_file_ref idref="fl-2"/>
      </object_component>
      <object_component id="oc-550">
         <name>.debug_info</name>
         <load_address>0x331</load_address>
         <run_address>0x331</run_address>
         <size>0x20b</size>
         <input_file_ref idref="fl-3"/>
      </object_component>
      <object_component id="oc-4e7">
         <name>.debug_info</name>
         <load_address>0x53c</load_address>
         <run_address>0x53c</run_address>
         <size>0x26b</size>
         <input_file_ref idref="fl-3"/>
      </object_component>
      <object_component id="oc-54b">
         <name>.debug_info</name>
         <load_address>0x7a7</load_address>
         <run_address>0x7a7</run_address>
         <size>0x282</size>
         <input_file_ref idref="fl-3"/>
      </object_component>
      <object_component id="oc-5c7">
         <name>.debug_info</name>
         <load_address>0xa29</load_address>
         <run_address>0xa29</run_address>
         <size>0xbb</size>
         <input_file_ref idref="fl-3"/>
      </object_component>
      <object_component id="oc-482">
         <name>.debug_info</name>
         <load_address>0xae4</load_address>
         <run_address>0xae4</run_address>
         <size>0x40f</size>
         <input_file_ref idref="fl-5"/>
      </object_component>
      <object_component id="oc-470">
         <name>.debug_info</name>
         <load_address>0xef3</load_address>
         <run_address>0xef3</run_address>
         <size>0x114</size>
         <input_file_ref idref="fl-5"/>
      </object_component>
      <object_component id="oc-47c">
         <name>.debug_info</name>
         <load_address>0x1007</load_address>
         <run_address>0x1007</run_address>
         <size>0x17d</size>
         <input_file_ref idref="fl-5"/>
      </object_component>
      <object_component id="oc-43c">
         <name>.debug_info</name>
         <load_address>0x1184</load_address>
         <run_address>0x1184</run_address>
         <size>0x180</size>
         <input_file_ref idref="fl-5"/>
      </object_component>
      <object_component id="oc-58d">
         <name>.debug_info</name>
         <load_address>0x1304</load_address>
         <run_address>0x1304</run_address>
         <size>0x2c</size>
         <input_file_ref idref="fl-5"/>
      </object_component>
      <object_component id="oc-421">
         <name>.debug_info</name>
         <load_address>0x1330</load_address>
         <run_address>0x1330</run_address>
         <size>0x17b</size>
         <input_file_ref idref="fl-50"/>
      </object_component>
      <object_component id="oc-77">
         <name>.debug_info</name>
         <load_address>0x14ab</load_address>
         <run_address>0x14ab</run_address>
         <size>0x250</size>
         <input_file_ref idref="fl-50"/>
      </object_component>
      <object_component id="oc-3b9">
         <name>.debug_info</name>
         <load_address>0x16fb</load_address>
         <run_address>0x16fb</run_address>
         <size>0x60</size>
         <input_file_ref idref="fl-50"/>
      </object_component>
      <object_component id="oc-463">
         <name>.debug_info</name>
         <load_address>0x175b</load_address>
         <run_address>0x175b</run_address>
         <size>0x46</size>
         <input_file_ref idref="fl-50"/>
      </object_component>
      <object_component id="oc-41c">
         <name>.debug_info</name>
         <load_address>0x17a1</load_address>
         <run_address>0x17a1</run_address>
         <size>0x39</size>
         <input_file_ref idref="fl-50"/>
      </object_component>
      <object_component id="oc-3cf">
         <name>.debug_info</name>
         <load_address>0x17da</load_address>
         <run_address>0x17da</run_address>
         <size>0x18f</size>
         <input_file_ref idref="fl-51"/>
      </object_component>
      <object_component id="oc-7d">
         <name>.debug_info</name>
         <load_address>0x1969</load_address>
         <run_address>0x1969</run_address>
         <size>0x1d3</size>
         <input_file_ref idref="fl-51"/>
      </object_component>
      <object_component id="oc-3ca">
         <name>.debug_info</name>
         <load_address>0x1b3c</load_address>
         <run_address>0x1b3c</run_address>
         <size>0x46</size>
         <input_file_ref idref="fl-51"/>
      </object_component>
      <object_component id="oc-3d1">
         <name>.debug_info</name>
         <load_address>0x1b82</load_address>
         <run_address>0x1b82</run_address>
         <size>0x10f</size>
         <input_file_ref idref="fl-53"/>
      </object_component>
      <object_component id="oc-433">
         <name>.debug_info</name>
         <load_address>0x1c91</load_address>
         <run_address>0x1c91</run_address>
         <size>0x17f</size>
         <input_file_ref idref="fl-6b"/>
      </object_component>
      <object_component id="oc-3dc">
         <name>.debug_info</name>
         <load_address>0x1e10</load_address>
         <run_address>0x1e10</run_address>
         <size>0x1d7</size>
         <input_file_ref idref="fl-6b"/>
      </object_component>
      <object_component id="oc-42e">
         <name>.debug_info</name>
         <load_address>0x1fe7</load_address>
         <run_address>0x1fe7</run_address>
         <size>0x46</size>
         <input_file_ref idref="fl-6b"/>
      </object_component>
      <object_component id="oc-48b">
         <name>.debug_info</name>
         <load_address>0x202d</load_address>
         <run_address>0x202d</run_address>
         <size>0x1cf</size>
         <input_file_ref idref="fl-6d"/>
      </object_component>
      <object_component id="oc-4f4">
         <name>.debug_info</name>
         <load_address>0x21fc</load_address>
         <run_address>0x21fc</run_address>
         <size>0x94</size>
         <input_file_ref idref="fl-6d"/>
      </object_component>
      <object_component id="oc-4e0">
         <name>.debug_info</name>
         <load_address>0x2290</load_address>
         <run_address>0x2290</run_address>
         <size>0x135</size>
         <input_file_ref idref="fl-72"/>
      </object_component>
      <object_component id="oc-547">
         <name>.debug_info</name>
         <load_address>0x23c5</load_address>
         <run_address>0x23c5</run_address>
         <size>0x121</size>
         <input_file_ref idref="fl-74"/>
      </object_component>
      <object_component id="oc-486">
         <name>.debug_info</name>
         <load_address>0x24e6</load_address>
         <run_address>0x24e6</run_address>
         <size>0x166</size>
         <input_file_ref idref="fl-76"/>
      </object_component>
      <object_component id="oc-55d">
         <name>.debug_info</name>
         <load_address>0x264c</load_address>
         <run_address>0x264c</run_address>
         <size>0x175</size>
         <input_file_ref idref="fl-78"/>
      </object_component>
      <object_component id="oc-4ed">
         <name>.debug_info</name>
         <load_address>0x27c1</load_address>
         <run_address>0x27c1</run_address>
         <size>0x1c1</size>
         <input_file_ref idref="fl-78"/>
      </object_component>
      <object_component id="oc-5b8">
         <name>.debug_info</name>
         <load_address>0x2982</load_address>
         <run_address>0x2982</run_address>
         <size>0x130</size>
         <input_file_ref idref="fl-7c"/>
      </object_component>
      <object_component id="oc-553">
         <name>.debug_info</name>
         <load_address>0x2ab2</load_address>
         <run_address>0x2ab2</run_address>
         <size>0x126</size>
         <input_file_ref idref="fl-86"/>
      </object_component>
      <object_component id="oc-558">
[...]
      <symbol id="sm-43d">
         <name>__TI_int31</name>
         <value>0xffce</value>
         <object_component_ref idref="oc-83"/>
      </symbol>
      <symbol id="sm-440">
         <name>__TI_int32</name>
         <value>0xffd0</value>
         <object_component_ref idref="oc-84"/>
      </symbol>
      <symbol id="sm-443">
         <name>__TI_int33</name>
         <value>0xffd2</value>
         <object_component_ref idref="oc-85"/>
      </symbol>
      <symbol id="sm-446">
         <name>__TI_int34</name>
         <value>0xffd4</value>
         <object_component_ref idref="oc-86"/>
      </symbol>
      <symbol id="sm-449">
         <name>__TI_int35</name>
         <value>0xffd6</value>
         <object_component_ref idref="oc-87"/>
      </symbol>
      <symbol id="sm-44c">
         <name>__TI_int36</name>
         <value>0xffd8</value>
         <object_component_ref idref="oc-88"/>
      </symbol>
      <symbol id="sm-44f">
         <name>__TI_int37</name>
         <value>0xffda</value>
         <object_component_ref idref="oc-89"/>
      </symbol>
      <symbol id="sm-452">
         <name>__TI_int38</name>
         <value>0xffdc</value>
         <object_component_ref idref="oc-8a"/>
      </symbol>
      <symbol id="sm-455">
         <name>__TI_int39</name>
         <value>0xffde</value>
         <object_component_ref idref="oc-8b"/>
      </symbol>
      <symbol id="sm-458">
         <name>__TI_int40</name>
         <value>0xffe0</value>
         <object_component_ref idref="oc-8c"/>
      </symbol>
      <symbol id="sm-45b">
         <name>__TI_int41</name>
         <value>0xffe2</value>
         <object_component_ref idref="oc-8d"/>
      </symbol>
      <symbol id="sm-45e">
         <name>__TI_int42</name>
         <value>0xffe4</value>
         <object_component_ref idref="oc-8e"/>
      </symbol>
      <symbol id="sm-461">
         <name>__TI_int43</name>
         <value>0xffe6</value>
         <object_component_ref idref="oc-8f"/>
      </symbol>
      <symbol id="sm-464">
         <name>__TI_int44</name>
         <value>0xffe8</value>
         <object_component_ref idref="oc-90"/>
      </symbol>
      <symbol id="sm-467">
         <name>__TI_int46</name>
         <value>0xffec</value>
         <object_component_ref idref="oc-92"/>
      </symbol>
      <symbol id="sm-46a">
         <name>__TI_int47</name>
         <value>0xffee</value>
         <object_component_ref idref="oc-93"/>
      </symbol>
      <symbol id="sm-46d">
         <name>__TI_int48</name>
         <value>0xfff0</value>
         <object_component_ref idref="oc-94"/>
      </symbol>
      <symbol id="sm-470">
         <name>__TI_int49</name>
         <value>0xfff2</value>
         <object_component_ref idref="oc-95"/>
      </symbol>
      <symbol id="sm-473">
         <name>__TI_int50</name>
         <value>0xfff4</value>
         <object_component_ref idref="oc-96"/>
      </symbol>
      <symbol id="sm-476">
         <name>__TI_int51</name>
         <value>0xfff6</value>
         <object_component_ref idref="oc-97"/>
      </symbol>
      <symbol id="sm-479">
         <name>__TI_int52</name>
         <value>0xfff8</value>
         <object_component_ref idref="oc-98"/>
      </symbol>
      <symbol id="sm-47c">
         <name>__TI_int53</name>
         <value>0xfffa</value>
         <object_component_ref idref="oc-99"/>
      </symbol>
      <symbol id="sm-47f">
         <name>__TI_int54</name>
         <value>0xfffc</value>
         <object_component_ref idref="oc-9a"/>
      </symbol>
      <symbol id="sm-492">
         <name>__TI_zero_init_nomemset</name>
         <value>0x11404</value>
         <object_component_ref idref="oc-3db"/>
      </symbol>
      <symbol id="sm-4b2">
         <name>__mspabi_cmpd</name>
         <value>0x106aa</value>
         <object_component_ref idref="oc-48a"/>
      </symbol>
      <symbol id="sm-4c2">
         <name>__mspabi_remi</name>
         <value>0x11388</value>
         <object_component_ref idref="oc-4df"/>
      </symbol>
      <symbol id="sm-4c3">
         <name>__mspabi_divi</name>
         <value>0x11388</value>
         <object_component_ref idref="oc-4df"/>
      </symbol>
      <symbol id="sm-4ce">
         <name>__mspabi_remu</name>
         <value>0x114d0</value>
         <object_component_ref idref="oc-545"/>
      </symbol>
      <symbol id="sm-4cf">
         <name>__mspabi_divu</name>
         <value>0x114d0</value>
         <object_component_ref idref="oc-545"/>
      </symbol>
      <symbol id="sm-4d9">
         <name>__mspabi_fltud</name>
         <value>0x11534</value>
         <object_component_ref idref="oc-484"/>
      </symbol>
      <symbol id="sm-4ef">
         <name>__mspabi_fltuld</name>
         <value>0x108ac</value>
         <object_component_ref idref="oc-4ec"/>
      </symbol>
      <symbol id="sm-4fa">
         <name>__mspabi_mpyi_f5hw</name>
         <value>0x11460</value>
         <object_component_ref idref="oc-5b6"/>
      </symbol>
      <symbol id="sm-50b">
         <name>__mspabi_slll_9</name>
         <value>0x110f0</value>
         <object_component_ref idref="oc-552"/>
      </symbol>
      <symbol id="sm-50c">
         <name>__mspabi_slll_8</name>
         <value>0x110f4</value>
         <object_component_ref idref="oc-552"/>
      </symbol>
      <symbol id="sm-50d">
         <name>__mspabi_slll_7</name>
         <value>0x110f8</value>
         <object_component_ref idref="oc-552"/>
      </symbol>
      <symbol id="sm-50e">
         <name>__mspabi_slll_6</name>
         <value>0x110fc</value>
         <object_component_ref idref="oc-552"/>
      </symbol>
      <symbol id="sm-50f">
         <name>__mspabi_slll_5</name>
         <value>0x11100</value>
         <object_component_ref idref="oc-552"/>
      </symbol>
      <symbol id="sm-510">
         <name>__mspabi_slll_4</name>
         <value>0x11104</value>
         <object_component_ref idref="oc-552"/>
      </symbol>
      <symbol id="sm-511">
         <name>__mspabi_slll_3</name>
         <value>0x11108</value>
         <object_component_ref idref="oc-552"/>
      </symbol>
      <symbol id="sm-512">
         <name>__mspabi_slll_2</name>
         <value>0x1110c</value>
         <object_component_ref idref="oc-552"/>
      </symbol>
      <symbol id="sm-513">
         <name>__mspabi_slll_1</name>
         <value>0x11110</value>
         <object_component_ref idref="oc-552"/>
      </symbol>
      <symbol id="sm-514">
         <name>__mspabi_slll_15</name>
         <value>0x110d8</value>
         <object_component_ref idref="oc-552"/>
      </symbol>
      <symbol id="sm-515">
         <name>__mspabi_slll_14</name>
         <value>0x110dc</value>
         <object_component_ref idref="oc-552"/>
      </symbol>
      <symbol id="sm-516">
         <name>__mspabi_slll_13</name>
         <value>0x110e0</value>
         <object_component_ref idref="oc-552"/>
      </symbol>
      <symbol id="sm-517">
         <name>__mspabi_slll_12</name>
         <value>0x110e4</value>
         <object_component_ref idref="oc-552"/>
      </symbol>
      <symbol id="sm-518">
         <name>__mspabi_slll_11</name>
         <value>0x110e8</value>
         <object_component_ref idref="oc-552"/>
      </symbol>
      <symbol id="sm-519">
         <name>__mspabi_slll_10</name>
         <value>0x110ec</value>
         <object_component_ref idref="oc-552"/>
      </symbol>
      <symbol id="sm-524">
         <name>__mspabi_srll_8</name>
         <value>0x11132</value>
         <object_component_ref idref="oc-557"/>
      </symbol>
      <symbol id="sm-525">
         <name>__mspabi_srll_9</name>
         <value>0x1112e</value>
         <object_component_ref idref="oc-557"/>
      </symbol>
      <symbol id="sm-526">
         <name>__mspabi_srll_6</name>
         <value>0x1113a</value>
         <object_component_ref idref="oc-557"/>
      </symbol>
      <symbol id="sm-527">
         <name>__mspabi_srll_7</name>
         <value>0x11136</value>
         <object_component_ref idref="oc-557"/>
      </symbol>
      <symbol id="sm-528">
         <name>__mspabi_srll_4</name>
         <value>0x11142</value>
         <object_component_ref idref="oc-557"/>
      </symbol>
      <symbol id="sm-529">
         <name>__mspabi_srll_5</name>
         <value>0x1113e</value>
         <object_component_ref idref="oc-557"/>
      </symbol>
      <symbol id="sm-52a">
         <name>__mspabi_srll_2</name>
         <value>0x1114a</value>
         <object_component_ref idref="oc-557"/>
      </symbol>
      <symbol id="sm-52b">
         <name>__mspabi_srll_3</name>
         <value>0x11146</value>
         <object_component_ref idref="oc-557"/>
      </symbol>
      <symbol id="sm-52c">
         <name>__mspabi_srll_1</name>
         <value>0x1114e</value>
         <object_component_ref idref="oc-557"/>
      </symbol>
      <symbol id="sm-52d">
         <name>__mspabi_srll_15</name>
         <value>0x11116</value>
         <object_component_ref idref="oc-557"/>
      </symbol>
      <symbol id="sm-52e">
         <name>__mspabi_srll_14</name>
         <value>0x1111a</value>
         <object_component_ref idref="oc-557"/>
      </symbol>
      <symbol id="sm-52f">
         <name>__mspabi_srll_13</name>
         <value>0x1111e</value>
         <object_component_ref idref="oc-557"/>
      </symbol>
      <symbol id="sm-530">
         <name>__mspabi_srll_12</name>
         <value>0x11122</value>
         <object_component_ref idref="oc-557"/>
      </symbol>
      <symbol id="sm-531">
         <name>__mspabi_srll_11</name>
         <value>0x11126</value>
         <object_component_ref idref="oc-557"/>
      </symbol>
      <symbol id="sm-532">
         <name>__mspabi_srll_10</name>
         <value>0x1112a</value>
         <object_component_ref idref="oc-557"/>
      </symbol>
      <symbol id="sm-543">
         <name>_c_int00_noargs_mpu</name>
         <value>0x4800</value>
         <object_component_ref idref="oc-405"/>
      </symbol>
      <symbol id="sm-544">
         <name>_stack</name>
         <value>0x2360</value>
         <object_component_ref idref="oc-3b1"/>
      </symbol>
      <symbol id="sm-545">
         <name>_reset_vector</name>
         <value>0xfffe</value>
         <object_component_ref idref="oc-3b4"/>
      </symbol>
      <symbol id="sm-54e">
         <name>__mpu_init</name>
         <value>0x11330</value>
         <object_component_ref idref="oc-44d"/>
      </symbol>
      <symbol id="sm-572">
         <name>__TI_auto_init_nobinit_nopinit_hold_wdt</name>
         <value>0x10f14</value>
         <object_component_ref idref="oc-4bc"/>
      </symbol>
      <symbol id="sm-57b">
         <name>_system_post_cinit</name>
         <value>0x11550</value>
         <object_component_ref idref="oc-522"/>
      </symbol>
      <symbol id="sm-584">
         <name>_system_pre_init</name>
         <value>0x1154a</value>
         <object_component_ref idref="oc-435"/>
      </symbol>
      <symbol id="sm-5a7">
         <name>C$$EXIT</name>
         <value>0x11540</value>
         <object_component_ref idref="oc-498"/>
      </symbol>
      <symbol id="sm-5a8">
         <name>abort</name>
         <value>0x11540</value>
         <object_component_ref idref="oc-498"/>
      </symbol>
      <symbol id="sm-5a9">
         <name>__TI_enable_exit_profile_output</name>
         <value>0x1d8e</value>
         <object_component_ref idref="oc-517"/>
      </symbol>
      <symbol id="sm-5aa">
         <name>exit</name>
         <value>0x10fb6</value>
         <object_component_ref idref="oc-49e"/>
      </symbol>
      <symbol id="sm-5b9">
         <name>__TI_dtors_ptr</name>
         <value>0x1d80</value>
         <object_component_ref idref="oc-51a"/>
      </symbol>
      <symbol id="sm-5ba">
         <name>__TI_cleanup_ptr</name>
         <value>0x1d7c</value>
         <object_component_ref idref="oc-51d"/>
      </symbol>
      <symbol id="sm-5d0">
         <name>_nop</name>
         <value>0x1154e</value>
         <object_component_ref idref="oc-55e"/>
      </symbol>
      <symbol id="sm-5d1">
         <name>_lock</name>
         <value>0x1d84</value>
         <object_component_ref idref="oc-4f9"/>
      </symbol>
      <symbol id="sm-5d2">
         <name>_unlock</name>
         <value>0x1d88</value>
         <object_component_ref idref="oc-511"/>
      </symbol>
      <symbol id="sm-5e0">
         <name>memcpy</name>
         <value>0x114e6</value>
         <object_component_ref idref="oc-3c3"/>
      </symbol>
      <symbol id="sm-5ee">
         <name>memset</name>
         <value>0x114ba</value>
         <object_component_ref idref="oc-4d9"/>
      </symbol>
      <symbol id="sm-611">
         <name>printf</name>
         <value>0x11000</value>
         <object_component_ref idref="oc-491"/>
      </symbol>
      <symbol id="sm-67a">
         <name>__TI_printfi_minimal</name>
         <value>0x104f4</value>
         <object_component_ref idref="oc-50b"/>
      </symbol>
      <symbol id="sm-692">
         <name>__TI_tmpnams</name>
         <value>0x1d92</value>
      </symbol>
      <symbol id="sm-693">
         <name>_ftable</name>
         <value>0x1c00</value>
         <object_component_ref idref="oc-4fc"/>
      </symbol>
      <symbol id="sm-694">
         <name>__TI_ft_end</name>
         <value>0x1d8c</value>
         <object_component_ref idref="oc-6a6"/>
      </symbol>
      <symbol id="sm-6ab">
         <name>putc</name>
         <value>0x1081c</value>
         <object_component_ref idref="oc-572"/>
      </symbol>
      <symbol id="sm-6ac">
         <name>fputc</name>
         <value>0x1081c</value>
         <object_component_ref idref="oc-572"/>
      </symbol>
      <symbol id="sm-6bd">
         <name>__TI_doflush</name>
         <value>0x10dfc</value>
         <object_component_ref idref="oc-5e1"/>
      </symbol>
      <symbol id="sm-6d5">
         <name>__TI_wrt_ok</name>
         <value>0x1092c</value>
         <object_component_ref idref="oc-5d5"/>
      </symbol>
      <symbol id="sm-6ed">
         <name>fputs</name>
         <value>0x10244</value>
         <object_component_ref idref="oc-56b"/>
      </symbol>
      <symbol id="sm-703">
         <name>fseeko</name>
         <value>0x10cc2</value>
         <object_component_ref idref="oc-618"/>
      </symbol>
      <symbol id="sm-704">
         <name>fseek</name>
         <value>0x10cc2</value>
         <object_component_ref idref="oc-618"/>
      </symbol>
      <symbol id="sm-71e">
         <name>lseek</name>
         <value>0x11154</value>
         <object_component_ref idref="oc-63d"/>
      </symbol>
      <symbol id="sm-72d">
         <name>_stream</name>
         <value>0x1d40</value>
         <object_component_ref idref="oc-62a"/>
      </symbol>
      <symbol id="sm-72e">
         <name>_device</name>
         <value>0x1cc8</value>
         <object_component_ref idref="oc-669"/>
      </symbol>
      <symbol id="sm-73a">
         <name>HOSTclose</name>
         <value>0x10f68</value>
         <object_component_ref idref="oc-6b2"/>
      </symbol>
      <symbol id="sm-746">
         <name>HOSTlseek</name>
         <value>0x10782</value>
         <object_component_ref idref="oc-6c4"/>
      </symbol>
      <symbol id="sm-754">
         <name>parmbuf</name>
         <value>0x1e32</value>
      </symbol>
      <symbol id="sm-755">
         <name>HOSTopen</name>
         <value>0x10b7c</value>
         <object_component_ref idref="oc-6ac"/>
      </symbol>
      <symbol id="sm-762">
         <name>HOSTread</name>
         <value>0x10c58</value>
         <object_component_ref idref="oc-6b8"/>
      </symbol>
      <symbol id="sm-76e">
         <name>HOSTrename</name>
         <value>0x10a20</value>
         <object_component_ref idref="oc-6d0"/>
      </symbol>
      <symbol id="sm-77a">
         <name>HOSTunlink</name>
         <value>0x11092</value>
         <object_component_ref idref="oc-6ca"/>
      </symbol>
      <symbol id="sm-787">
         <name>HOSTwrite</name>
         <value>0x10bec</value>
         <object_component_ref idref="oc-6be"/>
      </symbol>
      <symbol id="sm-7a5">
         <name>__TI_readmsg</name>
         <value>0x1126e</value>
         <object_component_ref idref="oc-70b"/>
      </symbol>
      <symbol id="sm-7a6">
         <name>C$$IO$$</name>
         <value>0x11236</value>
         <object_component_ref idref="oc-705"/>
      </symbol>
      <symbol id="sm-7a7">
         <name>_CIOBUF_</name>
         <value>0x4400</value>
         <object_component_ref idref="oc-737"/>
      </symbol>
      <symbol id="sm-7a8">
         <name>__TI_writemsg</name>
         <value>0x11204</value>
         <object_component_ref idref="oc-705"/>
      </symbol>
      <symbol id="sm-7b7">
         <name>memccpy</name>
         <value>0x113de</value>
         <object_component_ref idref="oc-5fa"/>
      </symbol>
      <symbol id="sm-7c6">
         <name>memchr</name>
         <value>0x114a4</value>
         <object_component_ref idref="oc-5db"/>
      </symbol>
      <symbol id="sm-7de">
         <name>setvbuf</name>
         <value>0x10416</value>
         <object_component_ref idref="oc-61e"/>
      </symbol>
      <symbol id="sm-7ef">
         <name>__TI_cleanup</name>
         <value>0x111ce</value>
         <object_component_ref idref="oc-656"/>
      </symbol>
      <symbol id="sm-800">
         <name>__TI_closefile</name>
         <value>0x10a94</value>
         <object_component_ref idref="oc-6a0"/>
      </symbol>
      <symbol id="sm-812">
         <name>close</name>
         <value>0x10e60</value>
         <object_component_ref idref="oc-6f1"/>
      </symbol>
      <symbol id="sm-892">
         <name>_sys_memory</name>
         <value>0x4520</value>
         <object_component_ref idref="oc-3b5"/>
      </symbol>
      <symbol id="sm-893">
         <name>free</name>
         <value>0x10334</value>
         <object_component_ref idref="oc-64a"/>
      </symbol>
      <symbol id="sm-894">
         <name>memalign</name>
         <value>0x10132</value>
         <object_component_ref idref="oc-699"/>
      </symbol>
      <symbol id="sm-895">
         <name>malloc</name>
         <value>0x1152c</value>
         <object_component_ref idref="oc-650"/>
      </symbol>
      <symbol id="sm-896">
         <name>aligned_alloc</name>
         <value>0x10132</value>
         <object_component_ref idref="oc-699"/>
      </symbol>
      <symbol id="sm-8bb">
         <name>finddevice</name>
         <value>0x11302</value>
         <object_component_ref idref="oc-759"/>
      </symbol>
      <symbol id="sm-8bc">
         <name>getdevice</name>
         <value>0x10eba</value>
         <object_component_ref idref="oc-72b"/>
      </symbol>
      <symbol id="sm-8cc">
         <name>strchr</name>
         <value>0x11428</value>
         <object_component_ref idref="oc-74d"/>
      </symbol>
      <symbol id="sm-8da">
         <name>strcmp</name>
         <value>0x11444</value>
         <object_component_ref idref="oc-772"/>
      </symbol>
      <symbol id="sm-8e7">
         <name>strcpy</name>
         <value>0x1150c</value>
         <object_component_ref idref="oc-71c"/>
      </symbol>
      <symbol id="sm-8f4">
         <name>strlen</name>
         <value>0x1151e</value>
         <object_component_ref idref="oc-579"/>
      </symbol>
      <symbol id="sm-904">
         <name>strncpy</name>
         <value>0x112a0</value>
         <object_component_ref idref="oc-753"/>
      </symbol>
      <symbol id="sm-911">
         <name>unlink</name>
         <value>0x112d2</value>
         <object_component_ref idref="oc-6f8"/>
      </symbol>
      <symbol id="sm-920">
         <name>write</name>
         <value>0x11192</value>
         <object_component_ref idref="oc-5e7"/>
      </symbol>
      <symbol id="sm-925">
         <name>remove</name>
         <value>0x112d2</value>
      </symbol>
   </symbol_table>
   <title>Link successful</title>
</link_info>
